Archive member included to satisfy reference by file (symbol)

c:/program files/microchip/xc8/v2.36/avr/bin/../lib/gcc/avr/5.4.0/../../../../avr/lib/avr5/memx-const\libm.a(addsf3.o)
                              MCAL/MTIMER/MTimerCounter/MTimerCounter_program.o (__subsf3)
c:/program files/microchip/xc8/v2.36/avr/bin/../lib/gcc/avr/5.4.0/../../../../avr/lib/avr5/memx-const\libm.a(addsf3x.o)
                              c:/program files/microchip/xc8/v2.36/avr/bin/../lib/gcc/avr/5.4.0/../../../../avr/lib/avr5/memx-const\libm.a(addsf3.o) (__addsf3x)
c:/program files/microchip/xc8/v2.36/avr/bin/../lib/gcc/avr/5.4.0/../../../../avr/lib/avr5/memx-const\libm.a(cmpsf2.o)
                              MCAL/MTIMER/MTimerCounter/MTimerCounter_program.o (__nesf2)
c:/program files/microchip/xc8/v2.36/avr/bin/../lib/gcc/avr/5.4.0/../../../../avr/lib/avr5/memx-const\libm.a(divsf3.o)
                              MCAL/MTIMER/MTimerCounter/MTimerCounter_program.o (__divsf3)
c:/program files/microchip/xc8/v2.36/avr/bin/../lib/gcc/avr/5.4.0/../../../../avr/lib/avr5/memx-const\libm.a(divsf3x.o)
                              c:/program files/microchip/xc8/v2.36/avr/bin/../lib/gcc/avr/5.4.0/../../../../avr/lib/avr5/memx-const\libm.a(divsf3.o) (__divsf3x)
c:/program files/microchip/xc8/v2.36/avr/bin/../lib/gcc/avr/5.4.0/../../../../avr/lib/avr5/memx-const\libm.a(fixsfdi.o)
                              HAL/HLCD/HLCD_program.o (__fixunssfdi)
c:/program files/microchip/xc8/v2.36/avr/bin/../lib/gcc/avr/5.4.0/../../../../avr/lib/avr5/memx-const\libm.a(fixunssfsi.o)
                              HAL/HLCD/HLCD_program.o (__fixunssfsi)
c:/program files/microchip/xc8/v2.36/avr/bin/../lib/gcc/avr/5.4.0/../../../../avr/lib/avr5/memx-const\libm.a(floatsisf.o)
                              MCAL/MTIMER/MTimerCounter/MTimerCounter_program.o (__floatunsisf)
c:/program files/microchip/xc8/v2.36/avr/bin/../lib/gcc/avr/5.4.0/../../../../avr/lib/avr5/memx-const\libm.a(fp_cmp.o)
                              c:/program files/microchip/xc8/v2.36/avr/bin/../lib/gcc/avr/5.4.0/../../../../avr/lib/avr5/memx-const\libm.a(cmpsf2.o) (__fp_cmp)
c:/program files/microchip/xc8/v2.36/avr/bin/../lib/gcc/avr/5.4.0/../../../../avr/lib/avr5/memx-const\libm.a(fp_inf.o)
                              c:/program files/microchip/xc8/v2.36/avr/bin/../lib/gcc/avr/5.4.0/../../../../avr/lib/avr5/memx-const\libm.a(addsf3x.o) (__fp_inf)
c:/program files/microchip/xc8/v2.36/avr/bin/../lib/gcc/avr/5.4.0/../../../../avr/lib/avr5/memx-const\libm.a(fp_nan.o)
                              c:/program files/microchip/xc8/v2.36/avr/bin/../lib/gcc/avr/5.4.0/../../../../avr/lib/avr5/memx-const\libm.a(addsf3x.o) (__fp_nan)
c:/program files/microchip/xc8/v2.36/avr/bin/../lib/gcc/avr/5.4.0/../../../../avr/lib/avr5/memx-const\libm.a(fp_negdi.o)
                              c:/program files/microchip/xc8/v2.36/avr/bin/../lib/gcc/avr/5.4.0/../../../../avr/lib/avr5/memx-const\libm.a(fixsfdi.o) (__fp_negdi)
c:/program files/microchip/xc8/v2.36/avr/bin/../lib/gcc/avr/5.4.0/../../../../avr/lib/avr5/memx-const\libm.a(fp_pscA.o)
                              c:/program files/microchip/xc8/v2.36/avr/bin/../lib/gcc/avr/5.4.0/../../../../avr/lib/avr5/memx-const\libm.a(addsf3x.o) (__fp_pscA)
c:/program files/microchip/xc8/v2.36/avr/bin/../lib/gcc/avr/5.4.0/../../../../avr/lib/avr5/memx-const\libm.a(fp_pscB.o)
                              c:/program files/microchip/xc8/v2.36/avr/bin/../lib/gcc/avr/5.4.0/../../../../avr/lib/avr5/memx-const\libm.a(addsf3x.o) (__fp_pscB)
c:/program files/microchip/xc8/v2.36/avr/bin/../lib/gcc/avr/5.4.0/../../../../avr/lib/avr5/memx-const\libm.a(fp_round.o)
                              c:/program files/microchip/xc8/v2.36/avr/bin/../lib/gcc/avr/5.4.0/../../../../avr/lib/avr5/memx-const\libm.a(addsf3.o) (__fp_round)
c:/program files/microchip/xc8/v2.36/avr/bin/../lib/gcc/avr/5.4.0/../../../../avr/lib/avr5/memx-const\libm.a(fp_split3.o)
                              c:/program files/microchip/xc8/v2.36/avr/bin/../lib/gcc/avr/5.4.0/../../../../avr/lib/avr5/memx-const\libm.a(addsf3x.o) (__fp_split3)
c:/program files/microchip/xc8/v2.36/avr/bin/../lib/gcc/avr/5.4.0/../../../../avr/lib/avr5/memx-const\libm.a(fp_zero.o)
                              c:/program files/microchip/xc8/v2.36/avr/bin/../lib/gcc/avr/5.4.0/../../../../avr/lib/avr5/memx-const\libm.a(addsf3x.o) (__fp_zero)
c:/program files/microchip/xc8/v2.36/avr/bin/../lib/gcc/avr/5.4.0/../../../../avr/lib/avr5/memx-const\libm.a(mulsf3.o)
                              HAL/HLCD/HLCD_program.o (__mulsf3)
c:/program files/microchip/xc8/v2.36/avr/bin/../lib/gcc/avr/5.4.0/../../../../avr/lib/avr5/memx-const\libm.a(mulsf3x.o)
                              c:/program files/microchip/xc8/v2.36/avr/bin/../lib/gcc/avr/5.4.0/../../../../avr/lib/avr5/memx-const\libm.a(mulsf3.o) (__mulsf3x)
c:/program files/microchip/xc8/v2.36/avr/bin/../lib/gcc/avr/5.4.0/avr5/memx-const\libgcc.a(_udivmodhi4.o)
                              MCAL/MADC/MADC_program.o (__udivmodhi4)
c:/program files/microchip/xc8/v2.36/avr/bin/../lib/gcc/avr/5.4.0/avr5/memx-const\libgcc.a(_udivmodsi4.o)
                              HAL/HLCD/HLCD_program.o (__udivmodsi4)
c:/program files/microchip/xc8/v2.36/avr/bin/../lib/gcc/avr/5.4.0/avr5/memx-const\libgcc.a(_tablejump2.o)
                              MCAL/MADC/MADC_program.o (__tablejump2__)
c:/program files/microchip/xc8/v2.36/avr/bin/../lib/gcc/avr/5.4.0/avr5/memx-const\libgcc.a(_copy_data.o)
                              HAL/HDCMotor/HDCMotor_config.o (__do_copy_data)
c:/program files/microchip/xc8/v2.36/avr/bin/../lib/gcc/avr/5.4.0/avr5/memx-const\libgcc.a(_udivdi3.o)
                              HAL/HLCD/HLCD_program.o (__umoddi3)
c:/program files/microchip/xc8/v2.36/avr/bin/../lib/gcc/avr/5.4.0/avr5/memx-const\libgcc.a(_udivmod64.o)
                              c:/program files/microchip/xc8/v2.36/avr/bin/../lib/gcc/avr/5.4.0/avr5/memx-const\libgcc.a(_udivdi3.o) (__udivmod64)
c:/program files/microchip/xc8/v2.36/avr/bin/../lib/gcc/avr/5.4.0/avr5/memx-const\libgcc.a(_movmemx.o)
                              main.o (__movmemx_qi)
c:/program files/microchip/xc8/v2.36/avr/bin/../lib/gcc/avr/5.4.0/../../../../avr/lib/avr5/memx-const\libc.a(exit.o)
                              E:/7.0/Packs/atmel/ATmega_DFP/1.7.374/xc8/avr/lib/avr5/memx-const/crtatmega32.o (exit)
c:/program files/microchip/xc8/v2.36/avr/bin/../lib/gcc/avr/5.4.0/../../../../avr/lib/avr5/memx-const\libc.a(_Exit.o)
                              c:/program files/microchip/xc8/v2.36/avr/bin/../lib/gcc/avr/5.4.0/../../../../avr/lib/avr5/memx-const\libc.a(exit.o) (_Exit)
c:/program files/microchip/xc8/v2.36/avr/bin/../lib/gcc/avr/5.4.0/avr5/memx-const\libgcc.a(_exit.o)
                              c:/program files/microchip/xc8/v2.36/avr/bin/../lib/gcc/avr/5.4.0/../../../../avr/lib/avr5/memx-const\libc.a(_Exit.o) (_exit)

Allocating common symbols
Common symbol       size              file

FLAG                0x1               main.o

Discarded input sections

 .data          0x0000000000000000        0x0 E:/7.0/Packs/atmel/ATmega_DFP/1.7.374/xc8/avr/lib/avr5/memx-const/crtatmega32.o
 .bss           0x0000000000000000        0x0 E:/7.0/Packs/atmel/ATmega_DFP/1.7.374/xc8/avr/lib/avr5/memx-const/crtatmega32.o
 .text          0x0000000000000000        0x0 HAL/HDCMotor/HDCMotor_config.o
 .data          0x0000000000000000        0x0 HAL/HDCMotor/HDCMotor_config.o
 .bss           0x0000000000000000        0x0 HAL/HDCMotor/HDCMotor_config.o
 .text          0x0000000000000000        0x0 HAL/HDCMotor/HDCMotor_program.o
 .data          0x0000000000000000        0x0 HAL/HDCMotor/HDCMotor_program.o
 .bss           0x0000000000000000        0x0 HAL/HDCMotor/HDCMotor_program.o
 .text.HDCMotor_voidReverseDirection
                0x0000000000000000       0x20 HAL/HDCMotor/HDCMotor_program.o
 .text          0x0000000000000000        0x0 HAL/HDCMotor/HLED/HLed_config.o
 .data          0x0000000000000000        0x0 HAL/HDCMotor/HLED/HLed_config.o
 .bss           0x0000000000000000        0x0 HAL/HDCMotor/HLED/HLed_config.o
 .data.HLED_ArrayOfLeds
                0x0000000000000000        0x6 HAL/HDCMotor/HLED/HLed_config.o
 .debug_info    0x0000000000000000      0x56b HAL/HDCMotor/HLED/HLed_config.o
 .debug_abbrev  0x0000000000000000       0x7f HAL/HDCMotor/HLED/HLed_config.o
 .debug_aranges
                0x0000000000000000       0x18 HAL/HDCMotor/HLED/HLed_config.o
 .debug_line    0x0000000000000000       0xa9 HAL/HDCMotor/HLED/HLed_config.o
 .debug_str     0x0000000000000000        0x0 HAL/HDCMotor/HLED/HLed_config.o
 .comment       0x0000000000000000       0x30 HAL/HDCMotor/HLED/HLed_config.o
 .text          0x0000000000000000        0x0 HAL/HDCMotor/HLED/HLed_porogram.o
 .data          0x0000000000000000        0x0 HAL/HDCMotor/HLED/HLed_porogram.o
 .bss           0x0000000000000000        0x0 HAL/HDCMotor/HLED/HLed_porogram.o
 .text.Hled_voidInitObj
                0x0000000000000000        0x6 HAL/HDCMotor/HLED/HLed_porogram.o
 .text.Hled_voidInitArr
                0x0000000000000000       0x2a HAL/HDCMotor/HLED/HLed_porogram.o
 .text.Hled_voidToggleLed
                0x0000000000000000        0x6 HAL/HDCMotor/HLED/HLed_porogram.o
 .text.Hled_voidLedOn
                0x0000000000000000       0x18 HAL/HDCMotor/HLED/HLed_porogram.o
 .text.Hled_voidLedOff
                0x0000000000000000       0x18 HAL/HDCMotor/HLED/HLed_porogram.o
 .debug_info    0x0000000000000000      0x932 HAL/HDCMotor/HLED/HLed_porogram.o
 .debug_abbrev  0x0000000000000000      0x130 HAL/HDCMotor/HLED/HLed_porogram.o
 .debug_loc     0x0000000000000000       0xd9 HAL/HDCMotor/HLED/HLed_porogram.o
 .debug_aranges
                0x0000000000000000       0x40 HAL/HDCMotor/HLED/HLed_porogram.o
 .debug_ranges  0x0000000000000000       0x30 HAL/HDCMotor/HLED/HLed_porogram.o
 .debug_line    0x0000000000000000      0x26c HAL/HDCMotor/HLED/HLed_porogram.o
 .debug_str     0x0000000000000000       0x52 HAL/HDCMotor/HLED/HLed_porogram.o
 .comment       0x0000000000000000       0x30 HAL/HDCMotor/HLED/HLed_porogram.o
 .debug_frame   0x0000000000000000       0x6c HAL/HDCMotor/HLED/HLed_porogram.o
 .text          0x0000000000000000        0x0 HAL/HLCD/HLCD_config.o
 .data          0x0000000000000000        0x0 HAL/HLCD/HLCD_config.o
 .bss           0x0000000000000000        0x0 HAL/HLCD/HLCD_config.o
 .text          0x0000000000000000        0x0 HAL/HLCD/HLCD_program.o
 .data          0x0000000000000000        0x0 HAL/HLCD/HLCD_program.o
 .bss           0x0000000000000000        0x0 HAL/HLCD/HLCD_program.o
 .text.HLCD_enuInit
                0x0000000000000000      0x1a4 HAL/HLCD/HLCD_program.o
 .text.HLCD_enuFloatToString
                0x0000000000000000       0x98 HAL/HLCD/HLCD_program.o
 .text          0x0000000000000000        0x0 HAL/HServoMotor/HServoMotor_program.o
 .data          0x0000000000000000        0x0 HAL/HServoMotor/HServoMotor_program.o
 .bss           0x0000000000000000        0x0 HAL/HServoMotor/HServoMotor_program.o
 .text.HServoMotor_voidInit
                0x0000000000000000       0x20 HAL/HServoMotor/HServoMotor_program.o
 .text.HServo_voidSetAngle
                0x0000000000000000        0xe HAL/HServoMotor/HServoMotor_program.o
 .text.HServo_voidStopMotor
                0x0000000000000000        0xa HAL/HServoMotor/HServoMotor_program.o
 .bss.HServoMotor_Obj
                0x0000000000000000        0x6 HAL/HServoMotor/HServoMotor_program.o
 .debug_info    0x0000000000000000      0x516 HAL/HServoMotor/HServoMotor_program.o
 .debug_abbrev  0x0000000000000000       0xc3 HAL/HServoMotor/HServoMotor_program.o
 .debug_loc     0x0000000000000000       0x2c HAL/HServoMotor/HServoMotor_program.o
 .debug_aranges
                0x0000000000000000       0x30 HAL/HServoMotor/HServoMotor_program.o
 .debug_ranges  0x0000000000000000       0x20 HAL/HServoMotor/HServoMotor_program.o
 .debug_line    0x0000000000000000      0x15d HAL/HServoMotor/HServoMotor_program.o
 .debug_str     0x0000000000000000       0x35 HAL/HServoMotor/HServoMotor_program.o
 .comment       0x0000000000000000       0x30 HAL/HServoMotor/HServoMotor_program.o
 .debug_frame   0x0000000000000000       0x44 HAL/HServoMotor/HServoMotor_program.o
 .text          0x0000000000000000        0x0 main.o
 .data          0x0000000000000000        0x0 main.o
 .bss           0x0000000000000000        0x0 main.o
 .text          0x0000000000000000        0x0 MCAL/MADC/MADC_program.o
 .data          0x0000000000000000        0x0 MCAL/MADC/MADC_program.o
 .bss           0x0000000000000000        0x0 MCAL/MADC/MADC_program.o
 .text.MADC_voidSetCurrentActiveCh
                0x0000000000000000       0x12 MCAL/MADC/MADC_program.o
 .text.MADC_voidActivateChannel
                0x0000000000000000       0xbe MCAL/MADC/MADC_program.o
 .progmem.gcc_sw_table.MADC_voidActivateChannel
                0x0000000000000000       0x10 MCAL/MADC/MADC_program.o
 .text.MADC_enuInit
                0x0000000000000000      0x2dc MCAL/MADC/MADC_program.o
 .progmem.gcc_sw_table.MADC_enuInit
                0x0000000000000000       0x20 MCAL/MADC/MADC_program.o
 .text.MADC_enuGetConvResult
                0x0000000000000000      0x102 MCAL/MADC/MADC_program.o
 .text.MADC_enuStartConv
                0x0000000000000000        0x8 MCAL/MADC/MADC_program.o
 .text.MADC_voidSetCallBack
                0x0000000000000000       0x14 MCAL/MADC/MADC_program.o
 .text          0x0000000000000000        0x0 MCAL/MDIO/MDIO_program.o
 .data          0x0000000000000000        0x0 MCAL/MDIO/MDIO_program.o
 .bss           0x0000000000000000        0x0 MCAL/MDIO/MDIO_program.o
 .text.MDIO_enumPortDirection
                0x0000000000000000       0x50 MCAL/MDIO/MDIO_program.o
 .text.MDIO_enumPortValue
                0x0000000000000000       0x40 MCAL/MDIO/MDIO_program.o
 .text.MDIO_enumGetPortValue
                0x0000000000000000       0x48 MCAL/MDIO/MDIO_program.o
 .text.MDIO_enumTogglePinValue
                0x0000000000000000       0x9e MCAL/MDIO/MDIO_program.o
 .text.MDIO_enumGetPinValue
                0x0000000000000000       0xaa MCAL/MDIO/MDIO_program.o
 .text          0x0000000000000000        0x0 MCAL/MINT/MINT_program.o
 .data          0x0000000000000000        0x0 MCAL/MINT/MINT_program.o
 .bss           0x0000000000000000        0x0 MCAL/MINT/MINT_program.o
 .text.MINT_ExitCriticalSection
                0x0000000000000000        0x8 MCAL/MINT/MINT_program.o
 .text.MINT_EnterCriticalSection
                0x0000000000000000        0x8 MCAL/MINT/MINT_program.o
 .text.MINT_enuGetINTFlag
                0x0000000000000000       0x44 MCAL/MINT/MINT_program.o
 .text.MINT_enumClearINTFlag
                0x0000000000000000       0x32 MCAL/MINT/MINT_program.o
 .text          0x0000000000000000        0x0 MCAL/MTIMER/MICU/MICU_program.o
 .data          0x0000000000000000        0x0 MCAL/MTIMER/MICU/MICU_program.o
 .bss           0x0000000000000000        0x0 MCAL/MTIMER/MICU/MICU_program.o
 .text          0x0000000000000000        0x0 MCAL/MTIMER/MPWM/MPWM_program.o
 .data          0x0000000000000000        0x0 MCAL/MTIMER/MPWM/MPWM_program.o
 .bss           0x0000000000000000        0x0 MCAL/MTIMER/MPWM/MPWM_program.o
 .text.MPWM_voidSetDutyCycle
                0x0000000000000000       0x28 MCAL/MTIMER/MPWM/MPWM_program.o
 .text.MPWM_voidStopPWM
                0x0000000000000000       0x2e MCAL/MTIMER/MPWM/MPWM_program.o
 .text          0x0000000000000000        0x0 MCAL/MTIMER/MTimerCounter/MTimerCounter_program.o
 .data          0x0000000000000000        0x0 MCAL/MTIMER/MTimerCounter/MTimerCounter_program.o
 .bss           0x0000000000000000        0x0 MCAL/MTIMER/MTimerCounter/MTimerCounter_program.o
 .text.MTimerCounter_voidDelay
                0x0000000000000000      0x19a MCAL/MTIMER/MTimerCounter/MTimerCounter_program.o
 .text.MTimerCounter_voidStopTimer
                0x0000000000000000       0x28 MCAL/MTIMER/MTimerCounter/MTimerCounter_program.o
 .text.MTimerCounter_voidContinueTimer
                0x0000000000000000       0x2e MCAL/MTIMER/MTimerCounter/MTimerCounter_program.o
 .text.MTimerCounter_voidStartCounter
                0x0000000000000000       0x5e MCAL/MTIMER/MTimerCounter/MTimerCounter_program.o
 .text.MTimerCounter_voidStopCounter
                0x0000000000000000       0x28 MCAL/MTIMER/MTimerCounter/MTimerCounter_program.o
 .text.MTimerCounter_u16GetCounterValue
                0x0000000000000000       0x3e MCAL/MTIMER/MTimerCounter/MTimerCounter_program.o
 .text          0x0000000000000000        0x0 MCAL/MTIMER/MTIMER_program.o
 .data          0x0000000000000000        0x0 MCAL/MTIMER/MTIMER_program.o
 .bss           0x0000000000000000        0x0 MCAL/MTIMER/MTIMER_program.o
 .text.MTimer0_enuInit
                0x0000000000000000       0x1c MCAL/MTIMER/MTIMER_program.o
 .text.MTimer1_enuInit
                0x0000000000000000       0x24 MCAL/MTIMER/MTIMER_program.o
 .text.MTimer2_enuInit
                0x0000000000000000       0x1c MCAL/MTIMER/MTIMER_program.o
 .text.MTIMER_voidTIM0COMPSetCallBack
                0x0000000000000000        0xa MCAL/MTIMER/MTIMER_program.o
 .text.MTIMER_voidTIM1COMPASetCallBack
                0x0000000000000000        0xa MCAL/MTIMER/MTIMER_program.o
 .text.MTIMER_voidTIM1COMPBSetCallBack
                0x0000000000000000        0xa MCAL/MTIMER/MTIMER_program.o
 .text.MTIMER_voidTIM1CAPTSetCallBack
                0x0000000000000000        0x2 MCAL/MTIMER/MTIMER_program.o
 .text.MTIMER_voidTIM2COMPSetCallBack
                0x0000000000000000        0xa MCAL/MTIMER/MTIMER_program.o
 .data          0x0000000000000000        0x0 c:/program files/microchip/xc8/v2.36/avr/bin/../lib/gcc/avr/5.4.0/../../../../avr/lib/avr5/memx-const\libm.a(addsf3.o)
 .bss           0x0000000000000000        0x0 c:/program files/microchip/xc8/v2.36/avr/bin/../lib/gcc/avr/5.4.0/../../../../avr/lib/avr5/memx-const\libm.a(addsf3.o)
 .stack.descriptors
                0x0000000000000000       0x2c c:/program files/microchip/xc8/v2.36/avr/bin/../lib/gcc/avr/5.4.0/../../../../avr/lib/avr5/memx-const\libm.a(addsf3.o)
 .data          0x0000000000000000        0x0 c:/program files/microchip/xc8/v2.36/avr/bin/../lib/gcc/avr/5.4.0/../../../../avr/lib/avr5/memx-const\libm.a(addsf3x.o)
 .bss           0x0000000000000000        0x0 c:/program files/microchip/xc8/v2.36/avr/bin/../lib/gcc/avr/5.4.0/../../../../avr/lib/avr5/memx-const\libm.a(addsf3x.o)
 .stack.descriptors
                0x0000000000000000       0x17 c:/program files/microchip/xc8/v2.36/avr/bin/../lib/gcc/avr/5.4.0/../../../../avr/lib/avr5/memx-const\libm.a(addsf3x.o)
 .text          0x0000000000000000        0xa c:/program files/microchip/xc8/v2.36/avr/bin/../lib/gcc/avr/5.4.0/../../../../avr/lib/avr5/memx-const\libm.a(cmpsf2.o)
 .data          0x0000000000000000        0x0 c:/program files/microchip/xc8/v2.36/avr/bin/../lib/gcc/avr/5.4.0/../../../../avr/lib/avr5/memx-const\libm.a(cmpsf2.o)
 .bss           0x0000000000000000        0x0 c:/program files/microchip/xc8/v2.36/avr/bin/../lib/gcc/avr/5.4.0/../../../../avr/lib/avr5/memx-const\libm.a(cmpsf2.o)
 .stack.descriptors.hdr
                0x0000000000000000        0xe c:/program files/microchip/xc8/v2.36/avr/bin/../lib/gcc/avr/5.4.0/../../../../avr/lib/avr5/memx-const\libm.a(cmpsf2.o)
 .stack.descriptors
                0x0000000000000000       0x6a c:/program files/microchip/xc8/v2.36/avr/bin/../lib/gcc/avr/5.4.0/../../../../avr/lib/avr5/memx-const\libm.a(cmpsf2.o)
 .note.GNU-stack
                0x0000000000000000        0x0 c:/program files/microchip/xc8/v2.36/avr/bin/../lib/gcc/avr/5.4.0/../../../../avr/lib/avr5/memx-const\libm.a(cmpsf2.o)
 .text          0x0000000000000000        0x8 c:/program files/microchip/xc8/v2.36/avr/bin/../lib/gcc/avr/5.4.0/../../../../avr/lib/avr5/memx-const\libm.a(divsf3.o)
 .data          0x0000000000000000        0x0 c:/program files/microchip/xc8/v2.36/avr/bin/../lib/gcc/avr/5.4.0/../../../../avr/lib/avr5/memx-const\libm.a(divsf3.o)
 .bss           0x0000000000000000        0x0 c:/program files/microchip/xc8/v2.36/avr/bin/../lib/gcc/avr/5.4.0/../../../../avr/lib/avr5/memx-const\libm.a(divsf3.o)
 .stack.descriptors.hdr
                0x0000000000000000        0xe c:/program files/microchip/xc8/v2.36/avr/bin/../lib/gcc/avr/5.4.0/../../../../avr/lib/avr5/memx-const\libm.a(divsf3.o)
 .stack.descriptors
                0x0000000000000000       0x16 c:/program files/microchip/xc8/v2.36/avr/bin/../lib/gcc/avr/5.4.0/../../../../avr/lib/avr5/memx-const\libm.a(divsf3.o)
 .note.GNU-stack
                0x0000000000000000        0x0 c:/program files/microchip/xc8/v2.36/avr/bin/../lib/gcc/avr/5.4.0/../../../../avr/lib/avr5/memx-const\libm.a(divsf3.o)
 .text          0x0000000000000000       0xde c:/program files/microchip/xc8/v2.36/avr/bin/../lib/gcc/avr/5.4.0/../../../../avr/lib/avr5/memx-const\libm.a(divsf3x.o)
 .data          0x0000000000000000        0x0 c:/program files/microchip/xc8/v2.36/avr/bin/../lib/gcc/avr/5.4.0/../../../../avr/lib/avr5/memx-const\libm.a(divsf3x.o)
 .bss           0x0000000000000000        0x0 c:/program files/microchip/xc8/v2.36/avr/bin/../lib/gcc/avr/5.4.0/../../../../avr/lib/avr5/memx-const\libm.a(divsf3x.o)
 .stack.descriptors.hdr
                0x0000000000000000        0xe c:/program files/microchip/xc8/v2.36/avr/bin/../lib/gcc/avr/5.4.0/../../../../avr/lib/avr5/memx-const\libm.a(divsf3x.o)
 .stack.descriptors
                0x0000000000000000       0x31 c:/program files/microchip/xc8/v2.36/avr/bin/../lib/gcc/avr/5.4.0/../../../../avr/lib/avr5/memx-const\libm.a(divsf3x.o)
 .note.GNU-stack
                0x0000000000000000        0x0 c:/program files/microchip/xc8/v2.36/avr/bin/../lib/gcc/avr/5.4.0/../../../../avr/lib/avr5/memx-const\libm.a(divsf3x.o)
 .text          0x0000000000000000       0x78 c:/program files/microchip/xc8/v2.36/avr/bin/../lib/gcc/avr/5.4.0/../../../../avr/lib/avr5/memx-const\libm.a(fixsfdi.o)
 .data          0x0000000000000000        0x0 c:/program files/microchip/xc8/v2.36/avr/bin/../lib/gcc/avr/5.4.0/../../../../avr/lib/avr5/memx-const\libm.a(fixsfdi.o)
 .bss           0x0000000000000000        0x0 c:/program files/microchip/xc8/v2.36/avr/bin/../lib/gcc/avr/5.4.0/../../../../avr/lib/avr5/memx-const\libm.a(fixsfdi.o)
 .stack.descriptors.hdr
                0x0000000000000000        0xe c:/program files/microchip/xc8/v2.36/avr/bin/../lib/gcc/avr/5.4.0/../../../../avr/lib/avr5/memx-const\libm.a(fixsfdi.o)
 .stack.descriptors
                0x0000000000000000       0x31 c:/program files/microchip/xc8/v2.36/avr/bin/../lib/gcc/avr/5.4.0/../../../../avr/lib/avr5/memx-const\libm.a(fixsfdi.o)
 .note.GNU-stack
                0x0000000000000000        0x0 c:/program files/microchip/xc8/v2.36/avr/bin/../lib/gcc/avr/5.4.0/../../../../avr/lib/avr5/memx-const\libm.a(fixsfdi.o)
 .data          0x0000000000000000        0x0 c:/program files/microchip/xc8/v2.36/avr/bin/../lib/gcc/avr/5.4.0/../../../../avr/lib/avr5/memx-const\libm.a(fixunssfsi.o)
 .bss           0x0000000000000000        0x0 c:/program files/microchip/xc8/v2.36/avr/bin/../lib/gcc/avr/5.4.0/../../../../avr/lib/avr5/memx-const\libm.a(fixunssfsi.o)
 .stack.descriptors
                0x0000000000000000       0x1a c:/program files/microchip/xc8/v2.36/avr/bin/../lib/gcc/avr/5.4.0/../../../../avr/lib/avr5/memx-const\libm.a(fixunssfsi.o)
 .data          0x0000000000000000        0x0 c:/program files/microchip/xc8/v2.36/avr/bin/../lib/gcc/avr/5.4.0/../../../../avr/lib/avr5/memx-const\libm.a(floatsisf.o)
 .bss           0x0000000000000000        0x0 c:/program files/microchip/xc8/v2.36/avr/bin/../lib/gcc/avr/5.4.0/../../../../avr/lib/avr5/memx-const\libm.a(floatsisf.o)
 .stack.descriptors
                0x0000000000000000       0x34 c:/program files/microchip/xc8/v2.36/avr/bin/../lib/gcc/avr/5.4.0/../../../../avr/lib/avr5/memx-const\libm.a(floatsisf.o)
 .text          0x0000000000000000       0x48 c:/program files/microchip/xc8/v2.36/avr/bin/../lib/gcc/avr/5.4.0/../../../../avr/lib/avr5/memx-const\libm.a(fp_cmp.o)
 .data          0x0000000000000000        0x0 c:/program files/microchip/xc8/v2.36/avr/bin/../lib/gcc/avr/5.4.0/../../../../avr/lib/avr5/memx-const\libm.a(fp_cmp.o)
 .bss           0x0000000000000000        0x0 c:/program files/microchip/xc8/v2.36/avr/bin/../lib/gcc/avr/5.4.0/../../../../avr/lib/avr5/memx-const\libm.a(fp_cmp.o)
 .stack.descriptors.hdr
                0x0000000000000000        0xe c:/program files/microchip/xc8/v2.36/avr/bin/../lib/gcc/avr/5.4.0/../../../../avr/lib/avr5/memx-const\libm.a(fp_cmp.o)
 .stack.descriptors
                0x0000000000000000       0x16 c:/program files/microchip/xc8/v2.36/avr/bin/../lib/gcc/avr/5.4.0/../../../../avr/lib/avr5/memx-const\libm.a(fp_cmp.o)
 .note.GNU-stack
                0x0000000000000000        0x0 c:/program files/microchip/xc8/v2.36/avr/bin/../lib/gcc/avr/5.4.0/../../../../avr/lib/avr5/memx-const\libm.a(fp_cmp.o)
 .data          0x0000000000000000        0x0 c:/program files/microchip/xc8/v2.36/avr/bin/../lib/gcc/avr/5.4.0/../../../../avr/lib/avr5/memx-const\libm.a(fp_inf.o)
 .bss           0x0000000000000000        0x0 c:/program files/microchip/xc8/v2.36/avr/bin/../lib/gcc/avr/5.4.0/../../../../avr/lib/avr5/memx-const\libm.a(fp_inf.o)
 .stack.descriptors
                0x0000000000000000       0x16 c:/program files/microchip/xc8/v2.36/avr/bin/../lib/gcc/avr/5.4.0/../../../../avr/lib/avr5/memx-const\libm.a(fp_inf.o)
 .data          0x0000000000000000        0x0 c:/program files/microchip/xc8/v2.36/avr/bin/../lib/gcc/avr/5.4.0/../../../../avr/lib/avr5/memx-const\libm.a(fp_nan.o)
 .bss           0x0000000000000000        0x0 c:/program files/microchip/xc8/v2.36/avr/bin/../lib/gcc/avr/5.4.0/../../../../avr/lib/avr5/memx-const\libm.a(fp_nan.o)
 .stack.descriptors
                0x0000000000000000       0x16 c:/program files/microchip/xc8/v2.36/avr/bin/../lib/gcc/avr/5.4.0/../../../../avr/lib/avr5/memx-const\libm.a(fp_nan.o)
 .text          0x0000000000000000       0x20 c:/program files/microchip/xc8/v2.36/avr/bin/../lib/gcc/avr/5.4.0/../../../../avr/lib/avr5/memx-const\libm.a(fp_negdi.o)
 .data          0x0000000000000000        0x0 c:/program files/microchip/xc8/v2.36/avr/bin/../lib/gcc/avr/5.4.0/../../../../avr/lib/avr5/memx-const\libm.a(fp_negdi.o)
 .bss           0x0000000000000000        0x0 c:/program files/microchip/xc8/v2.36/avr/bin/../lib/gcc/avr/5.4.0/../../../../avr/lib/avr5/memx-const\libm.a(fp_negdi.o)
 .stack.descriptors.hdr
                0x0000000000000000        0xe c:/program files/microchip/xc8/v2.36/avr/bin/../lib/gcc/avr/5.4.0/../../../../avr/lib/avr5/memx-const\libm.a(fp_negdi.o)
 .stack.descriptors
                0x0000000000000000       0x18 c:/program files/microchip/xc8/v2.36/avr/bin/../lib/gcc/avr/5.4.0/../../../../avr/lib/avr5/memx-const\libm.a(fp_negdi.o)
 .note.GNU-stack
                0x0000000000000000        0x0 c:/program files/microchip/xc8/v2.36/avr/bin/../lib/gcc/avr/5.4.0/../../../../avr/lib/avr5/memx-const\libm.a(fp_negdi.o)
 .data          0x0000000000000000        0x0 c:/program files/microchip/xc8/v2.36/avr/bin/../lib/gcc/avr/5.4.0/../../../../avr/lib/avr5/memx-const\libm.a(fp_pscA.o)
 .bss           0x0000000000000000        0x0 c:/program files/microchip/xc8/v2.36/avr/bin/../lib/gcc/avr/5.4.0/../../../../avr/lib/avr5/memx-const\libm.a(fp_pscA.o)
 .stack.descriptors
                0x0000000000000000       0x17 c:/program files/microchip/xc8/v2.36/avr/bin/../lib/gcc/avr/5.4.0/../../../../avr/lib/avr5/memx-const\libm.a(fp_pscA.o)
 .data          0x0000000000000000        0x0 c:/program files/microchip/xc8/v2.36/avr/bin/../lib/gcc/avr/5.4.0/../../../../avr/lib/avr5/memx-const\libm.a(fp_pscB.o)
 .bss           0x0000000000000000        0x0 c:/program files/microchip/xc8/v2.36/avr/bin/../lib/gcc/avr/5.4.0/../../../../avr/lib/avr5/memx-const\libm.a(fp_pscB.o)
 .stack.descriptors
                0x0000000000000000       0x17 c:/program files/microchip/xc8/v2.36/avr/bin/../lib/gcc/avr/5.4.0/../../../../avr/lib/avr5/memx-const\libm.a(fp_pscB.o)
 .data          0x0000000000000000        0x0 c:/program files/microchip/xc8/v2.36/avr/bin/../lib/gcc/avr/5.4.0/../../../../avr/lib/avr5/memx-const\libm.a(fp_round.o)
 .bss           0x0000000000000000        0x0 c:/program files/microchip/xc8/v2.36/avr/bin/../lib/gcc/avr/5.4.0/../../../../avr/lib/avr5/memx-const\libm.a(fp_round.o)
 .stack.descriptors
                0x0000000000000000       0x18 c:/program files/microchip/xc8/v2.36/avr/bin/../lib/gcc/avr/5.4.0/../../../../avr/lib/avr5/memx-const\libm.a(fp_round.o)
 .data          0x0000000000000000        0x0 c:/program files/microchip/xc8/v2.36/avr/bin/../lib/gcc/avr/5.4.0/../../../../avr/lib/avr5/memx-const\libm.a(fp_split3.o)
 .bss           0x0000000000000000        0x0 c:/program files/microchip/xc8/v2.36/avr/bin/../lib/gcc/avr/5.4.0/../../../../avr/lib/avr5/memx-const\libm.a(fp_split3.o)
 .stack.descriptors
                0x0000000000000000       0x32 c:/program files/microchip/xc8/v2.36/avr/bin/../lib/gcc/avr/5.4.0/../../../../avr/lib/avr5/memx-const\libm.a(fp_split3.o)
 .data          0x0000000000000000        0x0 c:/program files/microchip/xc8/v2.36/avr/bin/../lib/gcc/avr/5.4.0/../../../../avr/lib/avr5/memx-const\libm.a(fp_zero.o)
 .bss           0x0000000000000000        0x0 c:/program files/microchip/xc8/v2.36/avr/bin/../lib/gcc/avr/5.4.0/../../../../avr/lib/avr5/memx-const\libm.a(fp_zero.o)
 .stack.descriptors
                0x0000000000000000       0x2f c:/program files/microchip/xc8/v2.36/avr/bin/../lib/gcc/avr/5.4.0/../../../../avr/lib/avr5/memx-const\libm.a(fp_zero.o)
 .data          0x0000000000000000        0x0 c:/program files/microchip/xc8/v2.36/avr/bin/../lib/gcc/avr/5.4.0/../../../../avr/lib/avr5/memx-const\libm.a(mulsf3.o)
 .bss           0x0000000000000000        0x0 c:/program files/microchip/xc8/v2.36/avr/bin/../lib/gcc/avr/5.4.0/../../../../avr/lib/avr5/memx-const\libm.a(mulsf3.o)
 .stack.descriptors
                0x0000000000000000       0x16 c:/program files/microchip/xc8/v2.36/avr/bin/../lib/gcc/avr/5.4.0/../../../../avr/lib/avr5/memx-const\libm.a(mulsf3.o)
 .data          0x0000000000000000        0x0 c:/program files/microchip/xc8/v2.36/avr/bin/../lib/gcc/avr/5.4.0/../../../../avr/lib/avr5/memx-const\libm.a(mulsf3x.o)
 .bss           0x0000000000000000        0x0 c:/program files/microchip/xc8/v2.36/avr/bin/../lib/gcc/avr/5.4.0/../../../../avr/lib/avr5/memx-const\libm.a(mulsf3x.o)
 .stack.descriptors
                0x0000000000000000       0x31 c:/program files/microchip/xc8/v2.36/avr/bin/../lib/gcc/avr/5.4.0/../../../../avr/lib/avr5/memx-const\libm.a(mulsf3x.o)
 .text          0x0000000000000000        0x0 c:/program files/microchip/xc8/v2.36/avr/bin/../lib/gcc/avr/5.4.0/avr5/memx-const\libgcc.a(_udivmodhi4.o)
 .data          0x0000000000000000        0x0 c:/program files/microchip/xc8/v2.36/avr/bin/../lib/gcc/avr/5.4.0/avr5/memx-const\libgcc.a(_udivmodhi4.o)
 .bss           0x0000000000000000        0x0 c:/program files/microchip/xc8/v2.36/avr/bin/../lib/gcc/avr/5.4.0/avr5/memx-const\libgcc.a(_udivmodhi4.o)
 .text.libgcc.mul
                0x0000000000000000        0x0 c:/program files/microchip/xc8/v2.36/avr/bin/../lib/gcc/avr/5.4.0/avr5/memx-const\libgcc.a(_udivmodhi4.o)
 .stack.descriptors
                0x0000000000000000       0x1a c:/program files/microchip/xc8/v2.36/avr/bin/../lib/gcc/avr/5.4.0/avr5/memx-const\libgcc.a(_udivmodhi4.o)
 .text.libgcc   0x0000000000000000        0x0 c:/program files/microchip/xc8/v2.36/avr/bin/../lib/gcc/avr/5.4.0/avr5/memx-const\libgcc.a(_udivmodhi4.o)
 .text.libgcc.prologue
                0x0000000000000000        0x0 c:/program files/microchip/xc8/v2.36/avr/bin/../lib/gcc/avr/5.4.0/avr5/memx-const\libgcc.a(_udivmodhi4.o)
 .text.libgcc.builtins
                0x0000000000000000        0x0 c:/program files/microchip/xc8/v2.36/avr/bin/../lib/gcc/avr/5.4.0/avr5/memx-const\libgcc.a(_udivmodhi4.o)
 .text.libgcc.fmul
                0x0000000000000000        0x0 c:/program files/microchip/xc8/v2.36/avr/bin/../lib/gcc/avr/5.4.0/avr5/memx-const\libgcc.a(_udivmodhi4.o)
 .text.libgcc.fixed
                0x0000000000000000        0x0 c:/program files/microchip/xc8/v2.36/avr/bin/../lib/gcc/avr/5.4.0/avr5/memx-const\libgcc.a(_udivmodhi4.o)
 .text          0x0000000000000000        0x0 c:/program files/microchip/xc8/v2.36/avr/bin/../lib/gcc/avr/5.4.0/avr5/memx-const\libgcc.a(_udivmodsi4.o)
 .data          0x0000000000000000        0x0 c:/program files/microchip/xc8/v2.36/avr/bin/../lib/gcc/avr/5.4.0/avr5/memx-const\libgcc.a(_udivmodsi4.o)
 .bss           0x0000000000000000        0x0 c:/program files/microchip/xc8/v2.36/avr/bin/../lib/gcc/avr/5.4.0/avr5/memx-const\libgcc.a(_udivmodsi4.o)
 .text.libgcc.mul
                0x0000000000000000        0x0 c:/program files/microchip/xc8/v2.36/avr/bin/../lib/gcc/avr/5.4.0/avr5/memx-const\libgcc.a(_udivmodsi4.o)
 .stack.descriptors
                0x0000000000000000       0x1a c:/program files/microchip/xc8/v2.36/avr/bin/../lib/gcc/avr/5.4.0/avr5/memx-const\libgcc.a(_udivmodsi4.o)
 .text.libgcc   0x0000000000000000        0x0 c:/program files/microchip/xc8/v2.36/avr/bin/../lib/gcc/avr/5.4.0/avr5/memx-const\libgcc.a(_udivmodsi4.o)
 .text.libgcc.prologue
                0x0000000000000000        0x0 c:/program files/microchip/xc8/v2.36/avr/bin/../lib/gcc/avr/5.4.0/avr5/memx-const\libgcc.a(_udivmodsi4.o)
 .text.libgcc.builtins
                0x0000000000000000        0x0 c:/program files/microchip/xc8/v2.36/avr/bin/../lib/gcc/avr/5.4.0/avr5/memx-const\libgcc.a(_udivmodsi4.o)
 .text.libgcc.fmul
                0x0000000000000000        0x0 c:/program files/microchip/xc8/v2.36/avr/bin/../lib/gcc/avr/5.4.0/avr5/memx-const\libgcc.a(_udivmodsi4.o)
 .text.libgcc.fixed
                0x0000000000000000        0x0 c:/program files/microchip/xc8/v2.36/avr/bin/../lib/gcc/avr/5.4.0/avr5/memx-const\libgcc.a(_udivmodsi4.o)
 .text          0x0000000000000000        0x0 c:/program files/microchip/xc8/v2.36/avr/bin/../lib/gcc/avr/5.4.0/avr5/memx-const\libgcc.a(_tablejump2.o)
 .data          0x0000000000000000        0x0 c:/program files/microchip/xc8/v2.36/avr/bin/../lib/gcc/avr/5.4.0/avr5/memx-const\libgcc.a(_tablejump2.o)
 .bss           0x0000000000000000        0x0 c:/program files/microchip/xc8/v2.36/avr/bin/../lib/gcc/avr/5.4.0/avr5/memx-const\libgcc.a(_tablejump2.o)
 .text.libgcc.mul
                0x0000000000000000        0x0 c:/program files/microchip/xc8/v2.36/avr/bin/../lib/gcc/avr/5.4.0/avr5/memx-const\libgcc.a(_tablejump2.o)
 .text.libgcc.div
                0x0000000000000000        0x0 c:/program files/microchip/xc8/v2.36/avr/bin/../lib/gcc/avr/5.4.0/avr5/memx-const\libgcc.a(_tablejump2.o)
 .text.libgcc   0x0000000000000000        0xc c:/program files/microchip/xc8/v2.36/avr/bin/../lib/gcc/avr/5.4.0/avr5/memx-const\libgcc.a(_tablejump2.o)
 .text.libgcc.prologue
                0x0000000000000000        0x0 c:/program files/microchip/xc8/v2.36/avr/bin/../lib/gcc/avr/5.4.0/avr5/memx-const\libgcc.a(_tablejump2.o)
 .stack.descriptors.hdr
                0x0000000000000000        0xe c:/program files/microchip/xc8/v2.36/avr/bin/../lib/gcc/avr/5.4.0/avr5/memx-const\libgcc.a(_tablejump2.o)
 .stack.descriptors
                0x0000000000000000       0x1c c:/program files/microchip/xc8/v2.36/avr/bin/../lib/gcc/avr/5.4.0/avr5/memx-const\libgcc.a(_tablejump2.o)
 .text.libgcc.builtins
                0x0000000000000000        0x0 c:/program files/microchip/xc8/v2.36/avr/bin/../lib/gcc/avr/5.4.0/avr5/memx-const\libgcc.a(_tablejump2.o)
 .text.libgcc.fmul
                0x0000000000000000        0x0 c:/program files/microchip/xc8/v2.36/avr/bin/../lib/gcc/avr/5.4.0/avr5/memx-const\libgcc.a(_tablejump2.o)
 .text.libgcc.fixed
                0x0000000000000000        0x0 c:/program files/microchip/xc8/v2.36/avr/bin/../lib/gcc/avr/5.4.0/avr5/memx-const\libgcc.a(_tablejump2.o)
 .text          0x0000000000000000        0x0 c:/program files/microchip/xc8/v2.36/avr/bin/../lib/gcc/avr/5.4.0/avr5/memx-const\libgcc.a(_copy_data.o)
 .data          0x0000000000000000        0x0 c:/program files/microchip/xc8/v2.36/avr/bin/../lib/gcc/avr/5.4.0/avr5/memx-const\libgcc.a(_copy_data.o)
 .bss           0x0000000000000000        0x0 c:/program files/microchip/xc8/v2.36/avr/bin/../lib/gcc/avr/5.4.0/avr5/memx-const\libgcc.a(_copy_data.o)
 .text.libgcc.mul
                0x0000000000000000        0x0 c:/program files/microchip/xc8/v2.36/avr/bin/../lib/gcc/avr/5.4.0/avr5/memx-const\libgcc.a(_copy_data.o)
 .text.libgcc.div
                0x0000000000000000        0x0 c:/program files/microchip/xc8/v2.36/avr/bin/../lib/gcc/avr/5.4.0/avr5/memx-const\libgcc.a(_copy_data.o)
 .text.libgcc   0x0000000000000000        0x0 c:/program files/microchip/xc8/v2.36/avr/bin/../lib/gcc/avr/5.4.0/avr5/memx-const\libgcc.a(_copy_data.o)
 .text.libgcc.prologue
                0x0000000000000000        0x0 c:/program files/microchip/xc8/v2.36/avr/bin/../lib/gcc/avr/5.4.0/avr5/memx-const\libgcc.a(_copy_data.o)
 .text.libgcc.builtins
                0x0000000000000000        0x0 c:/program files/microchip/xc8/v2.36/avr/bin/../lib/gcc/avr/5.4.0/avr5/memx-const\libgcc.a(_copy_data.o)
 .text.libgcc.fmul
                0x0000000000000000        0x0 c:/program files/microchip/xc8/v2.36/avr/bin/../lib/gcc/avr/5.4.0/avr5/memx-const\libgcc.a(_copy_data.o)
 .text.libgcc.fixed
                0x0000000000000000        0x0 c:/program files/microchip/xc8/v2.36/avr/bin/../lib/gcc/avr/5.4.0/avr5/memx-const\libgcc.a(_copy_data.o)
 .text          0x0000000000000000        0x0 c:/program files/microchip/xc8/v2.36/avr/bin/../lib/gcc/avr/5.4.0/avr5/memx-const\libgcc.a(_udivdi3.o)
 .data          0x0000000000000000        0x0 c:/program files/microchip/xc8/v2.36/avr/bin/../lib/gcc/avr/5.4.0/avr5/memx-const\libgcc.a(_udivdi3.o)
 .bss           0x0000000000000000        0x0 c:/program files/microchip/xc8/v2.36/avr/bin/../lib/gcc/avr/5.4.0/avr5/memx-const\libgcc.a(_udivdi3.o)
 .text.libgcc.mul
                0x0000000000000000        0x0 c:/program files/microchip/xc8/v2.36/avr/bin/../lib/gcc/avr/5.4.0/avr5/memx-const\libgcc.a(_udivdi3.o)
 .text.libgcc.div
                0x0000000000000000       0x1c c:/program files/microchip/xc8/v2.36/avr/bin/../lib/gcc/avr/5.4.0/avr5/memx-const\libgcc.a(_udivdi3.o)
 .stack.descriptors.hdr
                0x0000000000000000        0xe c:/program files/microchip/xc8/v2.36/avr/bin/../lib/gcc/avr/5.4.0/avr5/memx-const\libgcc.a(_udivdi3.o)
 .stack.descriptors
                0x0000000000000000       0x4d c:/program files/microchip/xc8/v2.36/avr/bin/../lib/gcc/avr/5.4.0/avr5/memx-const\libgcc.a(_udivdi3.o)
 .text.libgcc   0x0000000000000000        0x0 c:/program files/microchip/xc8/v2.36/avr/bin/../lib/gcc/avr/5.4.0/avr5/memx-const\libgcc.a(_udivdi3.o)
 .text.libgcc.prologue
                0x0000000000000000        0x0 c:/program files/microchip/xc8/v2.36/avr/bin/../lib/gcc/avr/5.4.0/avr5/memx-const\libgcc.a(_udivdi3.o)
 .text.libgcc.builtins
                0x0000000000000000        0x0 c:/program files/microchip/xc8/v2.36/avr/bin/../lib/gcc/avr/5.4.0/avr5/memx-const\libgcc.a(_udivdi3.o)
 .text.libgcc.fmul
                0x0000000000000000        0x0 c:/program files/microchip/xc8/v2.36/avr/bin/../lib/gcc/avr/5.4.0/avr5/memx-const\libgcc.a(_udivdi3.o)
 .text.libgcc.fixed
                0x0000000000000000        0x0 c:/program files/microchip/xc8/v2.36/avr/bin/../lib/gcc/avr/5.4.0/avr5/memx-const\libgcc.a(_udivdi3.o)
 .text          0x0000000000000000        0x0 c:/program files/microchip/xc8/v2.36/avr/bin/../lib/gcc/avr/5.4.0/avr5/memx-const\libgcc.a(_udivmod64.o)
 .data          0x0000000000000000        0x0 c:/program files/microchip/xc8/v2.36/avr/bin/../lib/gcc/avr/5.4.0/avr5/memx-const\libgcc.a(_udivmod64.o)
 .bss           0x0000000000000000        0x0 c:/program files/microchip/xc8/v2.36/avr/bin/../lib/gcc/avr/5.4.0/avr5/memx-const\libgcc.a(_udivmod64.o)
 .text.libgcc.mul
                0x0000000000000000        0x0 c:/program files/microchip/xc8/v2.36/avr/bin/../lib/gcc/avr/5.4.0/avr5/memx-const\libgcc.a(_udivmod64.o)
 .text.libgcc.div
                0x0000000000000000       0xa2 c:/program files/microchip/xc8/v2.36/avr/bin/../lib/gcc/avr/5.4.0/avr5/memx-const\libgcc.a(_udivmod64.o)
 .stack.descriptors.hdr
                0x0000000000000000        0xe c:/program files/microchip/xc8/v2.36/avr/bin/../lib/gcc/avr/5.4.0/avr5/memx-const\libgcc.a(_udivmod64.o)
 .stack.descriptors
                0x0000000000000000       0x19 c:/program files/microchip/xc8/v2.36/avr/bin/../lib/gcc/avr/5.4.0/avr5/memx-const\libgcc.a(_udivmod64.o)
 .text.libgcc   0x0000000000000000        0x0 c:/program files/microchip/xc8/v2.36/avr/bin/../lib/gcc/avr/5.4.0/avr5/memx-const\libgcc.a(_udivmod64.o)
 .text.libgcc.prologue
                0x0000000000000000        0x0 c:/program files/microchip/xc8/v2.36/avr/bin/../lib/gcc/avr/5.4.0/avr5/memx-const\libgcc.a(_udivmod64.o)
 .text.libgcc.builtins
                0x0000000000000000        0x0 c:/program files/microchip/xc8/v2.36/avr/bin/../lib/gcc/avr/5.4.0/avr5/memx-const\libgcc.a(_udivmod64.o)
 .text.libgcc.fmul
                0x0000000000000000        0x0 c:/program files/microchip/xc8/v2.36/avr/bin/../lib/gcc/avr/5.4.0/avr5/memx-const\libgcc.a(_udivmod64.o)
 .text.libgcc.fixed
                0x0000000000000000        0x0 c:/program files/microchip/xc8/v2.36/avr/bin/../lib/gcc/avr/5.4.0/avr5/memx-const\libgcc.a(_udivmod64.o)
 .text          0x0000000000000000        0x0 c:/program files/microchip/xc8/v2.36/avr/bin/../lib/gcc/avr/5.4.0/avr5/memx-const\libgcc.a(_movmemx.o)
 .data          0x0000000000000000        0x0 c:/program files/microchip/xc8/v2.36/avr/bin/../lib/gcc/avr/5.4.0/avr5/memx-const\libgcc.a(_movmemx.o)
 .bss           0x0000000000000000        0x0 c:/program files/microchip/xc8/v2.36/avr/bin/../lib/gcc/avr/5.4.0/avr5/memx-const\libgcc.a(_movmemx.o)
 .text.libgcc.mul
                0x0000000000000000        0x0 c:/program files/microchip/xc8/v2.36/avr/bin/../lib/gcc/avr/5.4.0/avr5/memx-const\libgcc.a(_movmemx.o)
 .text.libgcc.div
                0x0000000000000000        0x0 c:/program files/microchip/xc8/v2.36/avr/bin/../lib/gcc/avr/5.4.0/avr5/memx-const\libgcc.a(_movmemx.o)
 .text.libgcc.prologue
                0x0000000000000000        0x0 c:/program files/microchip/xc8/v2.36/avr/bin/../lib/gcc/avr/5.4.0/avr5/memx-const\libgcc.a(_movmemx.o)
 .stack.descriptors
                0x0000000000000000       0x34 c:/program files/microchip/xc8/v2.36/avr/bin/../lib/gcc/avr/5.4.0/avr5/memx-const\libgcc.a(_movmemx.o)
 .text.libgcc.builtins
                0x0000000000000000        0x0 c:/program files/microchip/xc8/v2.36/avr/bin/../lib/gcc/avr/5.4.0/avr5/memx-const\libgcc.a(_movmemx.o)
 .text.libgcc.fmul
                0x0000000000000000        0x0 c:/program files/microchip/xc8/v2.36/avr/bin/../lib/gcc/avr/5.4.0/avr5/memx-const\libgcc.a(_movmemx.o)
 .text.libgcc.fixed
                0x0000000000000000        0x0 c:/program files/microchip/xc8/v2.36/avr/bin/../lib/gcc/avr/5.4.0/avr5/memx-const\libgcc.a(_movmemx.o)
 .text          0x0000000000000000        0x0 c:/program files/microchip/xc8/v2.36/avr/bin/../lib/gcc/avr/5.4.0/../../../../avr/lib/avr5/memx-const\libc.a(exit.o)
 .data          0x0000000000000000        0x0 c:/program files/microchip/xc8/v2.36/avr/bin/../lib/gcc/avr/5.4.0/../../../../avr/lib/avr5/memx-const\libc.a(exit.o)
 .bss           0x0000000000000000        0x0 c:/program files/microchip/xc8/v2.36/avr/bin/../lib/gcc/avr/5.4.0/../../../../avr/lib/avr5/memx-const\libc.a(exit.o)
 .text          0x0000000000000000        0x0 c:/program files/microchip/xc8/v2.36/avr/bin/../lib/gcc/avr/5.4.0/../../../../avr/lib/avr5/memx-const\libc.a(_Exit.o)
 .data          0x0000000000000000        0x0 c:/program files/microchip/xc8/v2.36/avr/bin/../lib/gcc/avr/5.4.0/../../../../avr/lib/avr5/memx-const\libc.a(_Exit.o)
 .bss           0x0000000000000000        0x0 c:/program files/microchip/xc8/v2.36/avr/bin/../lib/gcc/avr/5.4.0/../../../../avr/lib/avr5/memx-const\libc.a(_Exit.o)
 .text          0x0000000000000000        0x0 c:/program files/microchip/xc8/v2.36/avr/bin/../lib/gcc/avr/5.4.0/avr5/memx-const\libgcc.a(_exit.o)
 .data          0x0000000000000000        0x0 c:/program files/microchip/xc8/v2.36/avr/bin/../lib/gcc/avr/5.4.0/avr5/memx-const\libgcc.a(_exit.o)
 .bss           0x0000000000000000        0x0 c:/program files/microchip/xc8/v2.36/avr/bin/../lib/gcc/avr/5.4.0/avr5/memx-const\libgcc.a(_exit.o)
 .text.libgcc.mul
                0x0000000000000000        0x0 c:/program files/microchip/xc8/v2.36/avr/bin/../lib/gcc/avr/5.4.0/avr5/memx-const\libgcc.a(_exit.o)
 .text.libgcc.div
                0x0000000000000000        0x0 c:/program files/microchip/xc8/v2.36/avr/bin/../lib/gcc/avr/5.4.0/avr5/memx-const\libgcc.a(_exit.o)
 .text.libgcc   0x0000000000000000        0x0 c:/program files/microchip/xc8/v2.36/avr/bin/../lib/gcc/avr/5.4.0/avr5/memx-const\libgcc.a(_exit.o)
 .text.libgcc.prologue
                0x0000000000000000        0x0 c:/program files/microchip/xc8/v2.36/avr/bin/../lib/gcc/avr/5.4.0/avr5/memx-const\libgcc.a(_exit.o)
 .stack.descriptors
                0x0000000000000000       0x13 c:/program files/microchip/xc8/v2.36/avr/bin/../lib/gcc/avr/5.4.0/avr5/memx-const\libgcc.a(_exit.o)
 .text.libgcc.builtins
                0x0000000000000000        0x0 c:/program files/microchip/xc8/v2.36/avr/bin/../lib/gcc/avr/5.4.0/avr5/memx-const\libgcc.a(_exit.o)
 .text.libgcc.fmul
                0x0000000000000000        0x0 c:/program files/microchip/xc8/v2.36/avr/bin/../lib/gcc/avr/5.4.0/avr5/memx-const\libgcc.a(_exit.o)
 .text.libgcc.fixed
                0x0000000000000000        0x0 c:/program files/microchip/xc8/v2.36/avr/bin/../lib/gcc/avr/5.4.0/avr5/memx-const\libgcc.a(_exit.o)

Memory Configuration

Name             Origin             Length             Attributes
text             0x0000000000000000 0x0000000000008000 xr
data             0x0000000000800060 0x0000000000000800 rw !x
eeprom           0x0000000000810000 0x0000000000000400 rw !x
fuse             0x0000000000820000 0x0000000000000002 rw !x
lock             0x0000000000830000 0x0000000000000400 rw !x
signature        0x0000000000840000 0x0000000000000400 rw !x
user_signatures  0x0000000000850000 0x0000000000000400 rw !x
*default*        0x0000000000000000 0xffffffffffffffff

Linker script and memory map

LOAD E:/7.0/Packs/atmel/ATmega_DFP/1.7.374/xc8/avr/lib/avr5/memx-const/crtatmega32.o
LOAD HAL/HDCMotor/HDCMotor_config.o
LOAD HAL/HDCMotor/HDCMotor_program.o
LOAD HAL/HDCMotor/HLED/HLed_config.o
LOAD HAL/HDCMotor/HLED/HLed_porogram.o
LOAD HAL/HLCD/HLCD_config.o
LOAD HAL/HLCD/HLCD_program.o
LOAD HAL/HServoMotor/HServoMotor_program.o
LOAD main.o
LOAD MCAL/MADC/MADC_program.o
LOAD MCAL/MDIO/MDIO_program.o
LOAD MCAL/MINT/MINT_program.o
LOAD MCAL/MTIMER/MICU/MICU_program.o
LOAD MCAL/MTIMER/MPWM/MPWM_program.o
LOAD MCAL/MTIMER/MTimerCounter/MTimerCounter_program.o
LOAD MCAL/MTIMER/MTIMER_program.o
START GROUP
LOAD c:/program files/microchip/xc8/v2.36/avr/bin/../lib/gcc/avr/5.4.0/../../../../avr/lib/avr5/memx-const\libm.a
END GROUP
START GROUP
LOAD c:/program files/microchip/xc8/v2.36/avr/bin/../lib/gcc/avr/5.4.0/avr5/memx-const\libgcc.a
LOAD c:/program files/microchip/xc8/v2.36/avr/bin/../lib/gcc/avr/5.4.0/../../../../avr/lib/avr5/memx-const\libm.a
LOAD c:/program files/microchip/xc8/v2.36/avr/bin/../lib/gcc/avr/5.4.0/../../../../avr/lib/avr5/memx-const\libc.a
LOAD E:/7.0/Packs/atmel/ATmega_DFP/1.7.374/xc8/avr/lib/avr5/memx-const\libatmega32.a
END GROUP
                0x0000000000000000                __TEXT_REGION_ORIGIN__ = DEFINED (__TEXT_REGION_ORIGIN__)?__TEXT_REGION_ORIGIN__:0x0
                [0x0000000000800060]                __DATA_REGION_ORIGIN__ = DEFINED (__DATA_REGION_ORIGIN__)?__DATA_REGION_ORIGIN__:0x800060
                [0x0000000000008000]                __TEXT_REGION_LENGTH__ = DEFINED (__TEXT_REGION_LENGTH__)?__TEXT_REGION_LENGTH__:0x20000
                [0x0000000000000800]                __DATA_REGION_LENGTH__ = DEFINED (__DATA_REGION_LENGTH__)?__DATA_REGION_LENGTH__:0xffa0
                [0x0000000000000400]                __EEPROM_REGION_LENGTH__ = DEFINED (__EEPROM_REGION_LENGTH__)?__EEPROM_REGION_LENGTH__:0x10000
                [0x0000000000000002]                __FUSE_REGION_LENGTH__ = DEFINED (__FUSE_REGION_LENGTH__)?__FUSE_REGION_LENGTH__:0x400
                0x0000000000000400                __LOCK_REGION_LENGTH__ = DEFINED (__LOCK_REGION_LENGTH__)?__LOCK_REGION_LENGTH__:0x400
                0x0000000000000400                __SIGNATURE_REGION_LENGTH__ = DEFINED (__SIGNATURE_REGION_LENGTH__)?__SIGNATURE_REGION_LENGTH__:0x400
                0x0000000000000400                __USER_SIGNATURE_REGION_LENGTH__ = DEFINED (__USER_SIGNATURE_REGION_LENGTH__)?__USER_SIGNATURE_REGION_LENGTH__:0x400

.hash
 *(.hash)

.dynsym
 *(.dynsym)

.dynstr
 *(.dynstr)

.gnu.version
 *(.gnu.version)

.gnu.version_d
 *(.gnu.version_d)

.gnu.version_r
 *(.gnu.version_r)

.rel.init
 *(.rel.init)

.rela.init
 *(.rela.init)

.rel.text
 *(.rel.text)
 *(.rel.text.*)
 *(.rel.gnu.linkonce.t*)

.rela.text
 *(.rela.text)
 *(.rela.text.*)
 *(.rela.gnu.linkonce.t*)

.rel.fini
 *(.rel.fini)

.rela.fini
 *(.rela.fini)

.rel.rodata
 *(.rel.rodata)
 *(.rel.rodata.*)
 *(.rel.gnu.linkonce.r*)

.rela.rodata
 *(.rela.rodata)
 *(.rela.rodata.*)
 *(.rela.gnu.linkonce.r*)

.rel.data
 *(.rel.data)
 *(.rel.data.*)
 *(.rel.gnu.linkonce.d*)

.rela.data
 *(.rela.data)
 *(.rela.data.*)
 *(.rela.gnu.linkonce.d*)

.rel.ctors
 *(.rel.ctors)

.rela.ctors
 *(.rela.ctors)

.rel.dtors
 *(.rel.dtors)

.rela.dtors
 *(.rela.dtors)

.rel.got
 *(.rel.got)

.rela.got
 *(.rela.got)

.rel.bss
 *(.rel.bss)

.rela.bss
 *(.rela.bss)

.rel.plt
 *(.rel.plt)

.rela.plt
 *(.rela.plt)

.text           0x0000000000000000       0xba
 *(.vectors)
 .vectors       0x0000000000000000       0x54 E:/7.0/Packs/atmel/ATmega_DFP/1.7.374/xc8/avr/lib/avr5/memx-const/crtatmega32.o
                0x0000000000000000                __vector_default
                0x0000000000000000                __vectors
 *(.vectors)
 *(.progmem.gcc*)
 *(.dinit)
 .dinit         0x0000000000000054       0x11 data_init
                0x0000000000000066                . = ALIGN (0x2)
 *fill*         0x0000000000000065        0x1 
                0x0000000000000066                __trampolines_start = .
 *(.trampolines)
 .trampolines   0x0000000000000066        0x0 linker stubs
 *(.trampolines*)
                0x0000000000000066                __trampolines_end = .
 *libprintf_flt.a:*(.progmem.data)
 *libc.a:*(.progmem.data)
                0x0000000000000066                . = ALIGN (0x2)
 *(.jumptables)
 *(.jumptables*)
 *(.lowtext)
 *(.lowtext*)
                0x0000000000000066                __ctors_start = .
 *(.ctors)
                0x0000000000000066                __ctors_end = .
                0x0000000000000066                __dtors_start = .
 *(.dtors)
                0x0000000000000066                __dtors_end = .
 SORT(*)(.ctors)
 SORT(*)(.dtors)
 *(.init0)
 .init0         0x0000000000000066        0x0 E:/7.0/Packs/atmel/ATmega_DFP/1.7.374/xc8/avr/lib/avr5/memx-const/crtatmega32.o
                0x0000000000000066                __init
 *(.init0)
 *(.init1)
 *(.init1)
 *(.init2)
 .init2         0x0000000000000066        0xc E:/7.0/Packs/atmel/ATmega_DFP/1.7.374/xc8/avr/lib/avr5/memx-const/crtatmega32.o
 *(.init2)
 *(.init3)
 *(.init3)
 *(.init4)
 .init4         0x0000000000000072       0x3c c:/program files/microchip/xc8/v2.36/avr/bin/../lib/gcc/avr/5.4.0/avr5/memx-const\libgcc.a(_copy_data.o)
                0x0000000000000072                __do_copy_data
                0x00000000000000a0                __do_clear_bss
 *(.init4)
 *(.init5)
 *(.init5)
 *(.init6)
 *(.init6)
 *(.init7)
 *(.init7)
 *(.init8)
 *(.init8)
 *(.init9)
 .init9         0x00000000000000ae        0x8 E:/7.0/Packs/atmel/ATmega_DFP/1.7.374/xc8/avr/lib/avr5/memx-const/crtatmega32.o
 *(.init9)
                0x00000000000000b6                . = ALIGN (0x2)
 *(.fini9)
 .fini9         0x00000000000000b6        0x0 c:/program files/microchip/xc8/v2.36/avr/bin/../lib/gcc/avr/5.4.0/avr5/memx-const\libgcc.a(_exit.o)
                0x00000000000000b6                _exit
 *(.fini9)
 *(.fini8)
 *(.fini8)
 *(.fini7)
 *(.fini7)
 *(.fini6)
 *(.fini6)
 *(.fini5)
 *(.fini5)
 *(.fini4)
 *(.fini4)
 *(.fini3)
 *(.fini3)
 *(.fini2)
 *(.fini2)
 *(.fini1)
 *(.fini1)
 *(.fini0)
 .fini0         0x00000000000000b6        0x4 c:/program files/microchip/xc8/v2.36/avr/bin/../lib/gcc/avr/5.4.0/avr5/memx-const\libgcc.a(_exit.o)
 *(.fini0)
                0x00000000000000ba                _etext = .

.data           0x0000000000800060        0x0 load address 0x00000000000000ba
                [!provide]                        PROVIDE (__data_start, .)
 *(.gnu.linkonce.d*)
 *(.gnu.linkonce.r*)
                0x0000000000800060                . = ALIGN (0x2)
                0x0000000000800060                _edata = .
                [!provide]                        PROVIDE (__data_end, .)

.bss            0x0000000000800060        0x1
                [!provide]                        PROVIDE (__bss_start, .)
 *(COMMON)
 COMMON         0x0000000000800060        0x1 main.o
                0x0000000000800060                FLAG
                [!provide]                        PROVIDE (__bss_end, .)
                0x00000000000000ba                __data_load_start = LOADADDR (.data)
                0x00000000000000ba                __data_load_end = (__data_load_start + SIZEOF (.data))

.noinit         0x0000000000800061        0x0
                [!provide]                        PROVIDE (__noinit_start, .)
 *(.noinit*)
                [!provide]                        PROVIDE (__noinit_end, .)
                0x0000000000800061                _end = .

.eeprom         0x0000000000810000        0x0
 *(.eeprom*)
                0x0000000000810000                __eeprom_end = .

.fuse
 *(.fuse)
 *(.lfuse)
 *(.hfuse)
 *(.efuse)

.lock
 *(.lock*)

.signature
 *(.signature*)

.user_signatures
 *(.user_signatures*)

.stab
 *(.stab)

.stabstr
 *(.stabstr)

.stab.excl
 *(.stab.excl)

.stab.exclstr
 *(.stab.exclstr)

.stab.index
 *(.stab.index)

.stab.indexstr
 *(.stab.indexstr)

.comment        0x0000000000000000       0x2f
 *(.comment)
 .comment       0x0000000000000000       0x2f HAL/HDCMotor/HDCMotor_config.o
                                         0x30 (size before relaxing)
 .comment       0x000000000000002f       0x30 HAL/HDCMotor/HDCMotor_program.o
 .comment       0x000000000000002f       0x30 HAL/HLCD/HLCD_config.o
 .comment       0x000000000000002f       0x30 HAL/HLCD/HLCD_program.o
 .comment       0x000000000000002f       0x30 main.o
 .comment       0x000000000000002f       0x30 MCAL/MADC/MADC_program.o
 .comment       0x000000000000002f       0x30 MCAL/MDIO/MDIO_program.o
 .comment       0x000000000000002f       0x30 MCAL/MINT/MINT_program.o
 .comment       0x000000000000002f       0x30 MCAL/MTIMER/MICU/MICU_program.o
 .comment       0x000000000000002f       0x30 MCAL/MTIMER/MPWM/MPWM_program.o
 .comment       0x000000000000002f       0x30 MCAL/MTIMER/MTimerCounter/MTimerCounter_program.o
 .comment       0x000000000000002f       0x30 MCAL/MTIMER/MTIMER_program.o
 .comment       0x000000000000002f       0x30 c:/program files/microchip/xc8/v2.36/avr/bin/../lib/gcc/avr/5.4.0/../../../../avr/lib/avr5/memx-const\libc.a(exit.o)
 .comment       0x000000000000002f       0x30 c:/program files/microchip/xc8/v2.36/avr/bin/../lib/gcc/avr/5.4.0/../../../../avr/lib/avr5/memx-const\libc.a(_Exit.o)

.stack.descriptors.hdr
                0x0000000000000000       0xee
 .stack.descriptors.hdr
                0x0000000000000000        0xe c:/program files/microchip/xc8/v2.36/avr/bin/../lib/gcc/avr/5.4.0/../../../../avr/lib/avr5/memx-const\libm.a(addsf3.o)
 .stack.descriptors.hdr
                0x000000000000000e        0xe c:/program files/microchip/xc8/v2.36/avr/bin/../lib/gcc/avr/5.4.0/../../../../avr/lib/avr5/memx-const\libm.a(addsf3x.o)
 .stack.descriptors.hdr
                0x000000000000001c        0xe c:/program files/microchip/xc8/v2.36/avr/bin/../lib/gcc/avr/5.4.0/../../../../avr/lib/avr5/memx-const\libm.a(fixunssfsi.o)
 .stack.descriptors.hdr
                0x000000000000002a        0xe c:/program files/microchip/xc8/v2.36/avr/bin/../lib/gcc/avr/5.4.0/../../../../avr/lib/avr5/memx-const\libm.a(floatsisf.o)
 .stack.descriptors.hdr
                0x0000000000000038        0xe c:/program files/microchip/xc8/v2.36/avr/bin/../lib/gcc/avr/5.4.0/../../../../avr/lib/avr5/memx-const\libm.a(fp_inf.o)
 .stack.descriptors.hdr
                0x0000000000000046        0xe c:/program files/microchip/xc8/v2.36/avr/bin/../lib/gcc/avr/5.4.0/../../../../avr/lib/avr5/memx-const\libm.a(fp_nan.o)
 .stack.descriptors.hdr
                0x0000000000000054        0xe c:/program files/microchip/xc8/v2.36/avr/bin/../lib/gcc/avr/5.4.0/../../../../avr/lib/avr5/memx-const\libm.a(fp_pscA.o)
 .stack.descriptors.hdr
                0x0000000000000062        0xe c:/program files/microchip/xc8/v2.36/avr/bin/../lib/gcc/avr/5.4.0/../../../../avr/lib/avr5/memx-const\libm.a(fp_pscB.o)
 .stack.descriptors.hdr
                0x0000000000000070        0xe c:/program files/microchip/xc8/v2.36/avr/bin/../lib/gcc/avr/5.4.0/../../../../avr/lib/avr5/memx-const\libm.a(fp_round.o)
 .stack.descriptors.hdr
                0x000000000000007e        0xe c:/program files/microchip/xc8/v2.36/avr/bin/../lib/gcc/avr/5.4.0/../../../../avr/lib/avr5/memx-const\libm.a(fp_split3.o)
 .stack.descriptors.hdr
                0x000000000000008c        0xe c:/program files/microchip/xc8/v2.36/avr/bin/../lib/gcc/avr/5.4.0/../../../../avr/lib/avr5/memx-const\libm.a(fp_zero.o)
 .stack.descriptors.hdr
                0x000000000000009a        0xe c:/program files/microchip/xc8/v2.36/avr/bin/../lib/gcc/avr/5.4.0/../../../../avr/lib/avr5/memx-const\libm.a(mulsf3.o)
 .stack.descriptors.hdr
                0x00000000000000a8        0xe c:/program files/microchip/xc8/v2.36/avr/bin/../lib/gcc/avr/5.4.0/../../../../avr/lib/avr5/memx-const\libm.a(mulsf3x.o)
 .stack.descriptors.hdr
                0x00000000000000b6        0xe c:/program files/microchip/xc8/v2.36/avr/bin/../lib/gcc/avr/5.4.0/avr5/memx-const\libgcc.a(_udivmodhi4.o)
 .stack.descriptors.hdr
                0x00000000000000c4        0xe c:/program files/microchip/xc8/v2.36/avr/bin/../lib/gcc/avr/5.4.0/avr5/memx-const\libgcc.a(_udivmodsi4.o)
 .stack.descriptors.hdr
                0x00000000000000d2        0xe c:/program files/microchip/xc8/v2.36/avr/bin/../lib/gcc/avr/5.4.0/avr5/memx-const\libgcc.a(_movmemx.o)
 .stack.descriptors.hdr
                0x00000000000000e0        0xe c:/program files/microchip/xc8/v2.36/avr/bin/../lib/gcc/avr/5.4.0/avr5/memx-const\libgcc.a(_exit.o)

.note.GNU-stack
                0x0000000000000000        0x0
 .note.GNU-stack
                0x0000000000000000        0x0 c:/program files/microchip/xc8/v2.36/avr/bin/../lib/gcc/avr/5.4.0/../../../../avr/lib/avr5/memx-const\libm.a(addsf3.o)
 .note.GNU-stack
                0x0000000000000000        0x0 c:/program files/microchip/xc8/v2.36/avr/bin/../lib/gcc/avr/5.4.0/../../../../avr/lib/avr5/memx-const\libm.a(addsf3x.o)
 .note.GNU-stack
                0x0000000000000000        0x0 c:/program files/microchip/xc8/v2.36/avr/bin/../lib/gcc/avr/5.4.0/../../../../avr/lib/avr5/memx-const\libm.a(fixunssfsi.o)
 .note.GNU-stack
                0x0000000000000000        0x0 c:/program files/microchip/xc8/v2.36/avr/bin/../lib/gcc/avr/5.4.0/../../../../avr/lib/avr5/memx-const\libm.a(floatsisf.o)
 .note.GNU-stack
                0x0000000000000000        0x0 c:/program files/microchip/xc8/v2.36/avr/bin/../lib/gcc/avr/5.4.0/../../../../avr/lib/avr5/memx-const\libm.a(fp_inf.o)
 .note.GNU-stack
                0x0000000000000000        0x0 c:/program files/microchip/xc8/v2.36/avr/bin/../lib/gcc/avr/5.4.0/../../../../avr/lib/avr5/memx-const\libm.a(fp_nan.o)
 .note.GNU-stack
                0x0000000000000000        0x0 c:/program files/microchip/xc8/v2.36/avr/bin/../lib/gcc/avr/5.4.0/../../../../avr/lib/avr5/memx-const\libm.a(fp_pscA.o)
 .note.GNU-stack
                0x0000000000000000        0x0 c:/program files/microchip/xc8/v2.36/avr/bin/../lib/gcc/avr/5.4.0/../../../../avr/lib/avr5/memx-const\libm.a(fp_pscB.o)
 .note.GNU-stack
                0x0000000000000000        0x0 c:/program files/microchip/xc8/v2.36/avr/bin/../lib/gcc/avr/5.4.0/../../../../avr/lib/avr5/memx-const\libm.a(fp_round.o)
 .note.GNU-stack
                0x0000000000000000        0x0 c:/program files/microchip/xc8/v2.36/avr/bin/../lib/gcc/avr/5.4.0/../../../../avr/lib/avr5/memx-const\libm.a(fp_split3.o)
 .note.GNU-stack
                0x0000000000000000        0x0 c:/program files/microchip/xc8/v2.36/avr/bin/../lib/gcc/avr/5.4.0/../../../../avr/lib/avr5/memx-const\libm.a(fp_zero.o)
 .note.GNU-stack
                0x0000000000000000        0x0 c:/program files/microchip/xc8/v2.36/avr/bin/../lib/gcc/avr/5.4.0/../../../../avr/lib/avr5/memx-const\libm.a(mulsf3.o)
 .note.GNU-stack
                0x0000000000000000        0x0 c:/program files/microchip/xc8/v2.36/avr/bin/../lib/gcc/avr/5.4.0/../../../../avr/lib/avr5/memx-const\libm.a(mulsf3x.o)
 .note.GNU-stack
                0x0000000000000000        0x0 c:/program files/microchip/xc8/v2.36/avr/bin/../lib/gcc/avr/5.4.0/../../../../avr/lib/avr5/memx-const\libc.a(exit.o)
 .note.GNU-stack
                0x0000000000000000        0x0 c:/program files/microchip/xc8/v2.36/avr/bin/../lib/gcc/avr/5.4.0/../../../../avr/lib/avr5/memx-const\libc.a(_Exit.o)

.note.gnu.build-id
 *(.note.gnu.build-id)

.debug
 *(.debug)

.line
 *(.line)

.debug_srcinfo
 *(.debug_srcinfo)

.debug_sfnames
 *(.debug_sfnames)

.debug_aranges  0x0000000000000000      0x398
 *(.debug_aranges)
 .debug_aranges
                0x0000000000000000       0x18 HAL/HDCMotor/HDCMotor_config.o
 .debug_aranges
                0x0000000000000018       0x38 HAL/HDCMotor/HDCMotor_program.o
 .debug_aranges
                0x0000000000000050       0x18 HAL/HLCD/HLCD_config.o
 .debug_aranges
                0x0000000000000068       0x50 HAL/HLCD/HLCD_program.o
 .debug_aranges
                0x00000000000000b8       0x40 main.o
 .debug_aranges
                0x00000000000000f8       0x58 MCAL/MADC/MADC_program.o
 .debug_aranges
                0x0000000000000150       0x58 MCAL/MDIO/MDIO_program.o
 .debug_aranges
                0x00000000000001a8       0x78 MCAL/MINT/MINT_program.o
 .debug_aranges
                0x0000000000000220       0x30 MCAL/MTIMER/MICU/MICU_program.o
 .debug_aranges
                0x0000000000000250       0x30 MCAL/MTIMER/MPWM/MPWM_program.o
 .debug_aranges
                0x0000000000000280       0x70 MCAL/MTIMER/MTimerCounter/MTimerCounter_program.o
 .debug_aranges
                0x00000000000002f0       0xa8 MCAL/MTIMER/MTIMER_program.o

.debug_pubnames
 *(.debug_pubnames)

.debug_info     0x0000000000000000     0x6c81
 *(.debug_info .gnu.linkonce.wi.*)
 .debug_info    0x0000000000000000      0x4e6 E:/7.0/Packs/atmel/ATmega_DFP/1.7.374/xc8/avr/lib/avr5/memx-const/crtatmega32.o
 .debug_info    0x00000000000004e6      0x4c6 HAL/HDCMotor/HDCMotor_config.o
 .debug_info    0x00000000000009ac      0x686 HAL/HDCMotor/HDCMotor_program.o
 .debug_info    0x0000000000001032      0x580 HAL/HLCD/HLCD_config.o
 .debug_info    0x00000000000015b2     0x1149 HAL/HLCD/HLCD_program.o
 .debug_info    0x00000000000026fb      0xd43 main.o
 .debug_info    0x000000000000343e      0x9ed MCAL/MADC/MADC_program.o
 .debug_info    0x0000000000003e2b      0x783 MCAL/MDIO/MDIO_program.o
 .debug_info    0x00000000000045ae      0x79e MCAL/MINT/MINT_program.o
 .debug_info    0x0000000000004d4c      0x7f5 MCAL/MTIMER/MICU/MICU_program.o
 .debug_info    0x0000000000005541      0x6c2 MCAL/MTIMER/MPWM/MPWM_program.o
 .debug_info    0x0000000000005c03      0x908 MCAL/MTIMER/MTimerCounter/MTimerCounter_program.o
 .debug_info    0x000000000000650b      0x776 MCAL/MTIMER/MTIMER_program.o

.debug_abbrev   0x0000000000000000     0x1462
 *(.debug_abbrev)
 .debug_abbrev  0x0000000000000000      0x4a3 E:/7.0/Packs/atmel/ATmega_DFP/1.7.374/xc8/avr/lib/avr5/memx-const/crtatmega32.o
 .debug_abbrev  0x00000000000004a3       0x7f HAL/HDCMotor/HDCMotor_config.o
 .debug_abbrev  0x0000000000000522      0x121 HAL/HDCMotor/HDCMotor_program.o
 .debug_abbrev  0x0000000000000643       0x8e HAL/HLCD/HLCD_config.o
 .debug_abbrev  0x00000000000006d1      0x271 HAL/HLCD/HLCD_program.o
 .debug_abbrev  0x0000000000000942      0x1bb main.o
 .debug_abbrev  0x0000000000000afd      0x1d8 MCAL/MADC/MADC_program.o
 .debug_abbrev  0x0000000000000cd5      0x122 MCAL/MDIO/MDIO_program.o
 .debug_abbrev  0x0000000000000df7      0x184 MCAL/MINT/MINT_program.o
 .debug_abbrev  0x0000000000000f7b      0x118 MCAL/MTIMER/MICU/MICU_program.o
 .debug_abbrev  0x0000000000001093      0x111 MCAL/MTIMER/MPWM/MPWM_program.o
 .debug_abbrev  0x00000000000011a4      0x1b5 MCAL/MTIMER/MTimerCounter/MTimerCounter_program.o
 .debug_abbrev  0x0000000000001359      0x109 MCAL/MTIMER/MTIMER_program.o

.debug_line     0x0000000000000000     0x2954
 *(.debug_line .debug_line.* .debug_line_end)
 .debug_line    0x0000000000000000      0x119 E:/7.0/Packs/atmel/ATmega_DFP/1.7.374/xc8/avr/lib/avr5/memx-const/crtatmega32.o
 .debug_line    0x0000000000000119       0x8b HAL/HDCMotor/HDCMotor_config.o
 .debug_line    0x00000000000001a4      0x1b5 HAL/HDCMotor/HDCMotor_program.o
 .debug_line    0x0000000000000359       0x7b HAL/HLCD/HLCD_config.o
 .debug_line    0x00000000000003d4      0x57c HAL/HLCD/HLCD_program.o
 .debug_line    0x0000000000000950      0x369 main.o
 .debug_line    0x0000000000000cb9      0x5f2 MCAL/MADC/MADC_program.o
 .debug_line    0x00000000000012ab      0x4a5 MCAL/MDIO/MDIO_program.o
 .debug_line    0x0000000000001750      0x42c MCAL/MINT/MINT_program.o
 .debug_line    0x0000000000001b7c      0x21f MCAL/MTIMER/MICU/MICU_program.o
 .debug_line    0x0000000000001d9b      0x330 MCAL/MTIMER/MPWM/MPWM_program.o
 .debug_line    0x00000000000020cb      0x5db MCAL/MTIMER/MTimerCounter/MTimerCounter_program.o
 .debug_line    0x00000000000026a6      0x2ae MCAL/MTIMER/MTIMER_program.o

.debug_frame    0x0000000000000000      0xad0
 *(.debug_frame)
 .debug_frame   0x0000000000000000       0x84 HAL/HDCMotor/HDCMotor_program.o
 .debug_frame   0x0000000000000084      0x164 HAL/HLCD/HLCD_program.o
 .debug_frame   0x00000000000001e8       0xb0 main.o
 .debug_frame   0x0000000000000298      0x108 MCAL/MADC/MADC_program.o
 .debug_frame   0x00000000000003a0       0x94 MCAL/MDIO/MDIO_program.o
 .debug_frame   0x0000000000000434      0x1b8 MCAL/MINT/MINT_program.o
 .debug_frame   0x00000000000005ec       0x44 MCAL/MTIMER/MICU/MICU_program.o
 .debug_frame   0x0000000000000630       0x54 MCAL/MTIMER/MPWM/MPWM_program.o
 .debug_frame   0x0000000000000684      0x120 MCAL/MTIMER/MTimerCounter/MTimerCounter_program.o
 .debug_frame   0x00000000000007a4      0x32c MCAL/MTIMER/MTIMER_program.o

.debug_str      0x0000000000000000      0x55f
 *(.debug_str)
 .debug_str     0x0000000000000000      0x196 E:/7.0/Packs/atmel/ATmega_DFP/1.7.374/xc8/avr/lib/avr5/memx-const/crtatmega32.o
 .debug_str     0x0000000000000196        0x0 HAL/HDCMotor/HDCMotor_config.o
 .debug_str     0x0000000000000196       0x3e HAL/HDCMotor/HDCMotor_program.o
 .debug_str     0x00000000000001d4        0x0 HAL/HLCD/HLCD_config.o
 .debug_str     0x00000000000001d4       0x6a HAL/HLCD/HLCD_program.o
 .debug_str     0x000000000000023e       0xd2 main.o
 .debug_str     0x0000000000000310       0x5a MCAL/MADC/MADC_program.o
 .debug_str     0x000000000000036a       0x54 MCAL/MDIO/MDIO_program.o
 .debug_str     0x00000000000003be       0x24 MCAL/MINT/MINT_program.o
 .debug_str     0x00000000000003e2       0x98 MCAL/MTIMER/MICU/MICU_program.o
 .debug_str     0x000000000000047a       0x28 MCAL/MTIMER/MPWM/MPWM_program.o
 .debug_str     0x00000000000004a2       0xa1 MCAL/MTIMER/MTimerCounter/MTimerCounter_program.o
 .debug_str     0x0000000000000543       0x1c MCAL/MTIMER/MTIMER_program.o

.debug_loc      0x0000000000000000     0x2bd4
 *(.debug_loc)
 .debug_loc     0x0000000000000000      0x168 HAL/HDCMotor/HDCMotor_program.o
 .debug_loc     0x0000000000000168      0xb6f HAL/HLCD/HLCD_program.o
 .debug_loc     0x0000000000000cd7      0x233 main.o
 .debug_loc     0x0000000000000f0a      0x57f MCAL/MADC/MADC_program.o
 .debug_loc     0x0000000000001489      0x4b0 MCAL/MDIO/MDIO_program.o
 .debug_loc     0x0000000000001939      0x568 MCAL/MINT/MINT_program.o
 .debug_loc     0x0000000000001ea1       0x28 MCAL/MTIMER/MICU/MICU_program.o
 .debug_loc     0x0000000000001ec9       0xf0 MCAL/MTIMER/MPWM/MPWM_program.o
 .debug_loc     0x0000000000001fb9      0x68e MCAL/MTIMER/MTimerCounter/MTimerCounter_program.o
 .debug_loc     0x0000000000002647      0x58d MCAL/MTIMER/MTIMER_program.o

.debug_macinfo
 *(.debug_macinfo)

.debug_weaknames
 *(.debug_weaknames)

.debug_funcnames
 *(.debug_funcnames)

.debug_typenames
 *(.debug_typenames)

.debug_varnames
 *(.debug_varnames)

.debug_pubtypes
 *(.debug_pubtypes)

.debug_ranges   0x0000000000000000      0x2f8
 *(.debug_ranges)
 .debug_ranges  0x0000000000000000       0x28 HAL/HDCMotor/HDCMotor_program.o
 .debug_ranges  0x0000000000000028       0x70 HAL/HLCD/HLCD_program.o
 .debug_ranges  0x0000000000000098       0x30 main.o
 .debug_ranges  0x00000000000000c8       0x48 MCAL/MADC/MADC_program.o
 .debug_ranges  0x0000000000000110       0x48 MCAL/MDIO/MDIO_program.o
 .debug_ranges  0x0000000000000158       0x68 MCAL/MINT/MINT_program.o
 .debug_ranges  0x00000000000001c0       0x20 MCAL/MTIMER/MICU/MICU_program.o
 .debug_ranges  0x00000000000001e0       0x20 MCAL/MTIMER/MPWM/MPWM_program.o
 .debug_ranges  0x0000000000000200       0x60 MCAL/MTIMER/MTimerCounter/MTimerCounter_program.o
 .debug_ranges  0x0000000000000260       0x98 MCAL/MTIMER/MTIMER_program.o

.debug_macro
 *(.debug_macro)
OUTPUT(Final Project.elf elf32-avr)
LOAD linker stubs
LOAD data_init

.note.gnu.avr.deviceinfo
                0x0000000000000000       0x3c
 .note.gnu.avr.deviceinfo
                0x0000000000000000       0x3c E:/7.0/Packs/atmel/ATmega_DFP/1.7.374/xc8/avr/lib/avr5/memx-const/crtatmega32.o

.bss.MADC_enumGlobalCurrentChannel
                0x00000000008000b4        0xa
 .bss.MADC_enumGlobalCurrentChannel
                0x00000000008000b4        0xa MCAL/MADC/MADC_program.o

.bss.ADCINT_CallBack
                0x00000000008000dc        0x2
 .bss.ADCINT_CallBack
                0x00000000008000dc        0x2 MCAL/MADC/MADC_program.o

.bss.ExINT_CallBack
                0x00000000008000be        0x6
 .bss.ExINT_CallBack
                0x00000000008000be        0x6 MCAL/MINT/MINT_program.o

.bss.MICU_Obj   0x00000000008000c4        0x5
 .bss.MICU_Obj  0x00000000008000c4        0x5 MCAL/MTIMER/MICU/MICU_program.o

.bss.inter      0x00000000008000d9        0x3
 .bss.inter     0x00000000008000d9        0x3 MCAL/MTIMER/MICU/MICU_program.o

.bss.timer      0x00000000008000c9        0x4
 .bss.timer     0x00000000008000c9        0x4 MCAL/MTIMER/MICU/MICU_program.o

.bss.temp       0x00000000008000de        0x2
 .bss.temp      0x00000000008000de        0x2 MCAL/MTIMER/MICU/MICU_program.o
                0x00000000008000de                temp

.bss.x          0x00000000008000ee        0x1
 .bss.x         0x00000000008000ee        0x1 MCAL/MTIMER/MICU/MICU_program.o
                0x00000000008000ee                x

.bss.MTimerCounter_u32Tim2OVFCounter
                0x00000000008000cd        0x4
 .bss.MTimerCounter_u32Tim2OVFCounter
                0x00000000008000cd        0x4 MCAL/MTIMER/MTimerCounter/MTimerCounter_program.o

.bss.MTimerCounter_u32Tim1OVFCounter
                0x00000000008000d1        0x4
 .bss.MTimerCounter_u32Tim1OVFCounter
                0x00000000008000d1        0x4 MCAL/MTIMER/MTimerCounter/MTimerCounter_program.o

.bss.MTimerCounter_u32Tim0OVFCounter
                0x00000000008000d5        0x4
 .bss.MTimerCounter_u32Tim0OVFCounter
                0x00000000008000d5        0x4 MCAL/MTIMER/MTimerCounter/MTimerCounter_program.o

.bss.G_TIMER2_COMP
                0x00000000008000e0        0x2
 .bss.G_TIMER2_COMP
                0x00000000008000e0        0x2 MCAL/MTIMER/MTIMER_program.o

.bss.G_TIMER2_OVF
                0x00000000008000e2        0x2
 .bss.G_TIMER2_OVF
                0x00000000008000e2        0x2 MCAL/MTIMER/MTIMER_program.o

.bss.G_TIMER1_COMPB
                0x00000000008000e4        0x2
 .bss.G_TIMER1_COMPB
                0x00000000008000e4        0x2 MCAL/MTIMER/MTIMER_program.o

.bss.G_TIMER1_COMPA
                0x00000000008000e6        0x2
 .bss.G_TIMER1_COMPA
                0x00000000008000e6        0x2 MCAL/MTIMER/MTIMER_program.o

.bss.G_TIMER1_OVF
                0x00000000008000e8        0x2
 .bss.G_TIMER1_OVF
                0x00000000008000e8        0x2 MCAL/MTIMER/MTIMER_program.o

.bss.G_TIMER0_COMP
                0x00000000008000ea        0x2
 .bss.G_TIMER0_COMP
                0x00000000008000ea        0x2 MCAL/MTIMER/MTIMER_program.o

.bss.G_TIMER0_OVF
                0x00000000008000ec        0x2
 .bss.G_TIMER0_OVF
                0x00000000008000ec        0x2 MCAL/MTIMER/MTIMER_program.o

.progmemx.data  0x00000000000000ba       0x20
 .progmemx.data
                0x00000000000000ba       0x20 main.o

.text.HLCD_enuWriteData
                0x00000000000000da      0x204
 .text.HLCD_enuWriteData
                0x00000000000000da      0x204 HAL/HLCD/HLCD_program.o
                0x00000000000000da                HLCD_enuWriteData

.text.MTimerCounter_f32GetTimerValue
                0x00000000000002de      0x154
 .text.MTimerCounter_f32GetTimerValue
                0x00000000000002de      0x154 MCAL/MTIMER/MTimerCounter/MTimerCounter_program.o
                0x00000000000002de                MTimerCounter_f32GetTimerValue

.text.MDIO_enumPinDirection
                0x0000000000000432      0x152
 .text.MDIO_enumPinDirection
                0x0000000000000432      0x152 MCAL/MDIO/MDIO_program.o
                0x0000000000000432                MDIO_enumPinDirection

.text.MPWM_voidInit
                0x0000000000000584      0x14a
 .text.MPWM_voidInit
                0x0000000000000584      0x14a MCAL/MTIMER/MPWM/MPWM_program.o
                0x0000000000000584                MPWM_voidInit

.text.MDIO_enumPinValue
                0x00000000000006ce      0x132
 .text.MDIO_enumPinValue
                0x00000000000006ce      0x132 MCAL/MDIO/MDIO_program.o
                0x00000000000006ce                MDIO_enumPinValue

.text.__vector_16
                0x0000000000000800      0x114
 .text.__vector_16
                0x0000000000000800      0x114 MCAL/MADC/MADC_program.o
                0x0000000000000800                __vector_16

.text.Forward   0x0000000000000914       0xf4
 .text.Forward  0x0000000000000914       0xf4 main.o
                0x0000000000000914                Forward

.text.MINT_enuSetINTLevel
                0x0000000000000a08       0xf2
 .text.MINT_enuSetINTLevel
                0x0000000000000a08       0xf2 MCAL/MINT/MINT_program.o
                0x0000000000000a08                MINT_enuSetINTLevel

.text           0x0000000000000afa       0xd4
 .text          0x0000000000000afa       0xd4 c:/program files/microchip/xc8/v2.36/avr/bin/../lib/gcc/avr/5.4.0/../../../../avr/lib/avr5/memx-const\libm.a(mulsf3x.o)
                0x0000000000000afa                __mulsf3x
                0x0000000000000b20                __mulsf3_pse

.text           0x0000000000000bce       0xce
 .text          0x0000000000000bce       0xce c:/program files/microchip/xc8/v2.36/avr/bin/../lib/gcc/avr/5.4.0/../../../../avr/lib/avr5/memx-const\libm.a(addsf3x.o)
                0x0000000000000bce                __addsf3x

.text.HLCD_enuIntegerToString
                0x0000000000000c9c       0xc0
 .text.HLCD_enuIntegerToString
                0x0000000000000c9c       0xc0 HAL/HLCD/HLCD_program.o
                0x0000000000000c9c                HLCD_enuIntegerToString

.text.Scan      0x0000000000000d5c       0xb8
 .text.Scan     0x0000000000000d5c       0xb8 main.o
                0x0000000000000d5c                Scan

.text.func      0x0000000000000e14       0x9a
 .text.func     0x0000000000000e14       0x9a MCAL/MTIMER/MICU/MICU_program.o

.text.MTimerCounter_voidStartTimer
                0x0000000000000eae       0x96
 .text.MTimerCounter_voidStartTimer
                0x0000000000000eae       0x96 MCAL/MTIMER/MTimerCounter/MTimerCounter_program.o
                0x0000000000000eae                MTimerCounter_voidStartTimer

.text.HDCMotor_voidInit
                0x0000000000000f44       0x84
 .text.HDCMotor_voidInit
                0x0000000000000f44       0x84 HAL/HDCMotor/HDCMotor_program.o
                0x0000000000000f44                HDCMotor_voidInit

.text           0x0000000000000fc8       0x7a
 .text          0x0000000000000fc8       0x7a c:/program files/microchip/xc8/v2.36/avr/bin/../lib/gcc/avr/5.4.0/../../../../avr/lib/avr5/memx-const\libm.a(floatsisf.o)
                0x0000000000000fc8                __floatunsisf
                0x0000000000000fcc                __floatsisf

.text           0x0000000000001042       0x5e
 .text          0x0000000000001042       0x5e c:/program files/microchip/xc8/v2.36/avr/bin/../lib/gcc/avr/5.4.0/../../../../avr/lib/avr5/memx-const\libm.a(fixunssfsi.o)
                0x0000000000001042                __fixunssfsi

.text.__vector_11
                0x00000000000010a0       0x52
 .text.__vector_11
                0x00000000000010a0       0x52 MCAL/MTIMER/MTIMER_program.o
                0x00000000000010a0                __vector_11

.text.__vector_10
                0x00000000000010f2       0x52
 .text.__vector_10
                0x00000000000010f2       0x52 MCAL/MTIMER/MTIMER_program.o
                0x00000000000010f2                __vector_10

.text.__vector_9
                0x0000000000001144       0x52
 .text.__vector_9
                0x0000000000001144       0x52 MCAL/MTIMER/MTIMER_program.o
                0x0000000000001144                __vector_9

.text.__vector_7
                0x0000000000001196       0x52
 .text.__vector_7
                0x0000000000001196       0x52 MCAL/MTIMER/MTIMER_program.o
                0x0000000000001196                __vector_7

.text.__vector_8
                0x00000000000011e8       0x52
 .text.__vector_8
                0x00000000000011e8       0x52 MCAL/MTIMER/MTIMER_program.o
                0x00000000000011e8                __vector_8

.text.__vector_5
                0x000000000000123a       0x52
 .text.__vector_5
                0x000000000000123a       0x52 MCAL/MTIMER/MTIMER_program.o
                0x000000000000123a                __vector_5

.text.__vector_4
                0x000000000000128c       0x52
 .text.__vector_4
                0x000000000000128c       0x52 MCAL/MTIMER/MTIMER_program.o
                0x000000000000128c                __vector_4

.text.Stop      0x00000000000012de       0x50
 .text.Stop     0x00000000000012de       0x50 main.o
                0x00000000000012de                Stop

.text.__vector_1
                0x000000000000132e       0x4e
 .text.__vector_1
                0x000000000000132e       0x4e MCAL/MINT/MINT_program.o
                0x000000000000132e                __vector_1

.text.__vector_2
                0x000000000000137c       0x4e
 .text.__vector_2
                0x000000000000137c       0x4e MCAL/MINT/MINT_program.o
                0x000000000000137c                __vector_2

.text.__vector_3
                0x00000000000013ca       0x4e
 .text.__vector_3
                0x00000000000013ca       0x4e MCAL/MINT/MINT_program.o
                0x00000000000013ca                __vector_3

.text.HLCD_enuDisplayString
                0x0000000000001418       0x46
 .text.HLCD_enuDisplayString
                0x0000000000001418       0x46 HAL/HLCD/HLCD_program.o
                0x0000000000001418                HLCD_enuDisplayString

.text           0x000000000000145e       0x44
 .text          0x000000000000145e       0x44 c:/program files/microchip/xc8/v2.36/avr/bin/../lib/gcc/avr/5.4.0/../../../../avr/lib/avr5/memx-const\libm.a(fp_split3.o)
                0x000000000000145e                __fp_split3
                0x000000000000146e                __fp_splitA

.text.libgcc.div
                0x00000000000014a2       0x44
 .text.libgcc.div
                0x00000000000014a2       0x44 c:/program files/microchip/xc8/v2.36/avr/bin/../lib/gcc/avr/5.4.0/avr5/memx-const\libgcc.a(_udivmodsi4.o)
                0x00000000000014a2                __udivmodsi4

.text.HLCD_enuGoToXY
                0x00000000000014e6       0x40
 .text.HLCD_enuGoToXY
                0x00000000000014e6       0x40 HAL/HLCD/HLCD_program.o
                0x00000000000014e6                HLCD_enuGoToXY

.text.MICU_voidInit
                0x0000000000001526       0x40
 .text.MICU_voidInit
                0x0000000000001526       0x40 MCAL/MTIMER/MICU/MICU_program.o
                0x0000000000001526                MICU_voidInit

.text.MINT_enuInit
                0x0000000000001566       0x3a
 .text.MINT_enuInit
                0x0000000000001566       0x3a MCAL/MINT/MINT_program.o
                0x0000000000001566                MINT_enuInit

.text.main      0x00000000000015a0       0x34
 .text.main     0x00000000000015a0       0x34 main.o
                0x00000000000015a0                main

.text.MICU_voidFetchData
                0x00000000000015d4       0x34
 .text.MICU_voidFetchData
                0x00000000000015d4       0x34 MCAL/MTIMER/MICU/MICU_program.o
                0x00000000000015d4                MICU_voidFetchData

.text.MINT_enuEnableINTHandler
                0x0000000000001608       0x32
 .text.MINT_enuEnableINTHandler
                0x0000000000001608       0x32 MCAL/MINT/MINT_program.o
                0x0000000000001608                MINT_enuEnableINTHandler

.text.MINT_enuDisableINTHandler
                0x000000000000163a       0x32
 .text.MINT_enuDisableINTHandler
                0x000000000000163a       0x32 MCAL/MINT/MINT_program.o
                0x000000000000163a                MINT_enuDisableINTHandler

.text.MINT_voidSetCallBack
                0x000000000000166c       0x30
 .text.MINT_voidSetCallBack
                0x000000000000166c       0x30 MCAL/MINT/MINT_program.o
                0x000000000000166c                MINT_voidSetCallBack

.text.HDCMotor_voidStartMotor
                0x000000000000169c       0x2a
 .text.HDCMotor_voidStartMotor
                0x000000000000169c       0x2a HAL/HDCMotor/HDCMotor_program.o
                0x000000000000169c                HDCMotor_voidStartMotor

.text.Steer     0x00000000000016c6       0x2a
 .text.Steer    0x00000000000016c6       0x2a main.o
                0x00000000000016c6                Steer

.text.MTimerCounter_voidIncTim0OVFCounter
                0x00000000000016f0       0x28
 .text.MTimerCounter_voidIncTim0OVFCounter
                0x00000000000016f0       0x28 MCAL/MTIMER/MTimerCounter/MTimerCounter_program.o

.text.MTimerCounter_voidIncTim1OVFCounter
                0x0000000000001718       0x28
 .text.MTimerCounter_voidIncTim1OVFCounter
                0x0000000000001718       0x28 MCAL/MTIMER/MTimerCounter/MTimerCounter_program.o

.text.MTimerCounter_voidIncTim2OVFCounter
                0x0000000000001740       0x28
 .text.MTimerCounter_voidIncTim2OVFCounter
                0x0000000000001740       0x28 MCAL/MTIMER/MTimerCounter/MTimerCounter_program.o

.text.libgcc.div
                0x0000000000001768       0x28
 .text.libgcc.div
                0x0000000000001768       0x28 c:/program files/microchip/xc8/v2.36/avr/bin/../lib/gcc/avr/5.4.0/avr5/memx-const\libgcc.a(_udivmodhi4.o)
                0x0000000000001768                __udivmodhi4

.text           0x0000000000001790       0x22
 .text          0x0000000000001790       0x22 c:/program files/microchip/xc8/v2.36/avr/bin/../lib/gcc/avr/5.4.0/../../../../avr/lib/avr5/memx-const\libm.a(fp_round.o)
                0x0000000000001790                __fp_round

.text.libgcc    0x00000000000017b2       0x1a
 .text.libgcc   0x00000000000017b2       0x1a c:/program files/microchip/xc8/v2.36/avr/bin/../lib/gcc/avr/5.4.0/avr5/memx-const\libgcc.a(_movmemx.o)
                0x00000000000017b2                __movmemx_qi
                0x00000000000017b4                __movmemx_hi

.text.HLCD_enuClearScreen
                0x00000000000017cc       0x16
 .text.HLCD_enuClearScreen
                0x00000000000017cc       0x16 HAL/HLCD/HLCD_program.o
                0x00000000000017cc                HLCD_enuClearScreen

.text.exit      0x00000000000017e2       0x16
 .text.exit     0x00000000000017e2       0x16 c:/program files/microchip/xc8/v2.36/avr/bin/../lib/gcc/avr/5.4.0/../../../../avr/lib/avr5/memx-const\libc.a(exit.o)
                0x00000000000017e2                exit

.text.MADC_voidGetCurrentActiveCh
                0x00000000000017f8       0x12
 .text.MADC_voidGetCurrentActiveCh
                0x00000000000017f8       0x12 MCAL/MADC/MADC_program.o
                0x00000000000017f8                MADC_voidGetCurrentActiveCh

.text.HDCMotor_voidStopMotor
                0x000000000000180a       0x10
 .text.HDCMotor_voidStopMotor
                0x000000000000180a       0x10 HAL/HDCMotor/HDCMotor_program.o
                0x000000000000180a                HDCMotor_voidStopMotor

.text           0x000000000000181a        0xe
 .text          0x000000000000181a        0xe c:/program files/microchip/xc8/v2.36/avr/bin/../lib/gcc/avr/5.4.0/../../../../avr/lib/avr5/memx-const\libm.a(addsf3.o)
                0x000000000000181a                __subsf3
                0x000000000000181c                __addsf3

.text           0x0000000000001828        0xe
 .text          0x0000000000001828        0xe c:/program files/microchip/xc8/v2.36/avr/bin/../lib/gcc/avr/5.4.0/../../../../avr/lib/avr5/memx-const\libm.a(fp_pscA.o)
                0x0000000000001828                __fp_pscA

.text           0x0000000000001836        0xe
 .text          0x0000000000001836        0xe c:/program files/microchip/xc8/v2.36/avr/bin/../lib/gcc/avr/5.4.0/../../../../avr/lib/avr5/memx-const\libm.a(fp_pscB.o)
                0x0000000000001836                __fp_pscB

.text           0x0000000000001844        0xe
 .text          0x0000000000001844        0xe c:/program files/microchip/xc8/v2.36/avr/bin/../lib/gcc/avr/5.4.0/../../../../avr/lib/avr5/memx-const\libm.a(fp_zero.o)
                0x0000000000001844                __fp_zero
                0x0000000000001846                __fp_szero

.text           0x0000000000001852        0xc
 .text          0x0000000000001852        0xc c:/program files/microchip/xc8/v2.36/avr/bin/../lib/gcc/avr/5.4.0/../../../../avr/lib/avr5/memx-const\libm.a(fp_inf.o)
                0x0000000000001852                __fp_inf

.text.MTIMER_voidTIM0OVFSetCallBack
                0x000000000000185e        0xa
 .text.MTIMER_voidTIM0OVFSetCallBack
                0x000000000000185e        0xa MCAL/MTIMER/MTIMER_program.o
                0x000000000000185e                MTIMER_voidTIM0OVFSetCallBack

.text.MTIMER_voidTIM1OVFSetCallBack
                0x0000000000001868        0xa
 .text.MTIMER_voidTIM1OVFSetCallBack
                0x0000000000001868        0xa MCAL/MTIMER/MTIMER_program.o
                0x0000000000001868                MTIMER_voidTIM1OVFSetCallBack

.text.MTIMER_voidTIM2OVFSetCallBack
                0x0000000000001872        0xa
 .text.MTIMER_voidTIM2OVFSetCallBack
                0x0000000000001872        0xa MCAL/MTIMER/MTIMER_program.o
                0x0000000000001872                MTIMER_voidTIM2OVFSetCallBack

.text           0x000000000000187c        0x8
 .text          0x000000000000187c        0x8 c:/program files/microchip/xc8/v2.36/avr/bin/../lib/gcc/avr/5.4.0/../../../../avr/lib/avr5/memx-const\libm.a(mulsf3.o)
                0x000000000000187c                __mulsf3

.text           0x0000000000001884        0x6
 .text          0x0000000000001884        0x6 c:/program files/microchip/xc8/v2.36/avr/bin/../lib/gcc/avr/5.4.0/../../../../avr/lib/avr5/memx-const\libm.a(fp_nan.o)
                0x0000000000001884                __fp_nan

.text           0x000000000000188a        0x4
 .text          0x000000000000188a        0x4 E:/7.0/Packs/atmel/ATmega_DFP/1.7.374/xc8/avr/lib/avr5/memx-const/crtatmega32.o
                0x000000000000188a                __vector_12
                0x000000000000188a                __bad_interrupt
                0x000000000000188a                __vector_6
                0x000000000000188a                __vector_13
                0x000000000000188a                __vector_17
                0x000000000000188a                __vector_19
                0x000000000000188a                __vector_15
                0x000000000000188a                __vector_14
                0x000000000000188a                __vector_18
                0x000000000000188a                __vector_20

.text._Exit     0x000000000000188e        0x4
 .text._Exit    0x000000000000188e        0x4 c:/program files/microchip/xc8/v2.36/avr/bin/../lib/gcc/avr/5.4.0/../../../../avr/lib/avr5/memx-const\libc.a(_Exit.o)
                0x000000000000188e                _Exit

.text.MDIO_enumDIOInit
                0x0000000000001892        0x2
 .text.MDIO_enumDIOInit
                0x0000000000001892        0x2 MCAL/MDIO/MDIO_program.o
                0x0000000000001892                MDIO_enumDIOInit

.text.__dummy_fini
                0x0000000000001894        0x2
 .text.__dummy_fini
                0x0000000000001894        0x2 c:/program files/microchip/xc8/v2.36/avr/bin/../lib/gcc/avr/5.4.0/../../../../avr/lib/avr5/memx-const\libc.a(exit.o)
                0x0000000000001894                _fini

.text.__dummy_funcs_on_exit
                0x0000000000001896        0x2
 .text.__dummy_funcs_on_exit
                0x0000000000001896        0x2 c:/program files/microchip/xc8/v2.36/avr/bin/../lib/gcc/avr/5.4.0/../../../../avr/lib/avr5/memx-const\libc.a(exit.o)
                0x0000000000001896                __funcs_on_exit

.text.__dummy_simulator_exit
                0x0000000000001898        0x2
 .text.__dummy_simulator_exit
                0x0000000000001898        0x2 c:/program files/microchip/xc8/v2.36/avr/bin/../lib/gcc/avr/5.4.0/../../../../avr/lib/avr5/memx-const\libc.a(exit.o)
                0x0000000000001898                __simulator_exit

.data.HLCDArrayOfLCD
                0x0000000000800061       0x2d load address 0x000000000000189a
 .data.HLCDArrayOfLCD
                0x0000000000800061       0x2d HAL/HLCD/HLCD_config.o
                0x0000000000800061                HLCDArrayOfLCD

.data.HDCMotor_ArrayOfMotors
                0x000000000080008e       0x1a load address 0x00000000000018c7
 .data.HDCMotor_ArrayOfMotors
                0x000000000080008e       0x1a HAL/HDCMotor/HDCMotor_config.o
                0x000000000080008e                HDCMotor_ArrayOfMotors

.rodata         0x00000000008000a8        0xc load address 0x00000000000018e1
 .rodata        0x00000000008000a8        0xc main.o
